Microchip Technology Inc, vv3_31 (A) 7

Tool Name:
  c:\program files (x86)\microchip\mplab c30\bin\bin\..\bin/pic30-elf-ld.exe

Command:
  -p33EP256MC204 \
  -o \
  dist/default/debug/TempConWifi_v2.X.debug.elf \
  -Lc:/program files (x86)/microchip/mplab c30/bin/bin/.. \
  -Lc:/program files (x86)/microchip/mplab c30/bin/bin/../../lib \
  -Lc:/program files (x86)/microchip/mplab c30/bin/bin/../../lib/PIC24E \
  -Lc:/program files (x86)/microchip/mplab c30/bin/bin/../../support/PIC24E/gld \
  -Lc:/program files (x86)/microchip/mplab c30/bin/bin/../../lib/PIC24F \
  -Lc:/program files (x86)/microchip/mplab c30/bin/bin/../../support/PIC24F/gld \
  -Lc:/program files (x86)/microchip/mplab c30/bin/bin/../../lib/PIC24H \
  -Lc:/program files (x86)/microchip/mplab c30/bin/bin/../../support/PIC24H/gld \
  -Lc:/program files (x86)/microchip/mplab c30/bin/bin/../../lib/dsPIC30F \
  -Lc:/program files (x86)/microchip/mplab c30/bin/bin/../../support/dsPIC30F/gld \
  -Lc:/program files (x86)/microchip/mplab c30/bin/bin/../../lib/dsPIC33E \
  -Lc:/program files (x86)/microchip/mplab c30/bin/bin/../../support/dsPIC33E/gld \
  -Lc:/program files (x86)/microchip/mplab c30/bin/bin/../../lib/dsPIC33F \
  -Lc:/program files (x86)/microchip/mplab c30/bin/bin/../../support/dsPIC33F/gld \
  build/default/debug/I2C.o \
  build/default/debug/OneWire.o \
  build/default/debug/rtc.o \
  build/default/debug/ESP8266.o \
  build/default/debug/uPnP.o \
  build/default/debug/mDNS.o \
  build/default/debug/FIFO.o \
  build/default/debug/circularPrintF.o \
  build/default/debug/Base64.o \
  build/default/debug/MD5.o \
  build/default/debug/pack.o \
  build/default/debug/fletcherChecksum.o \
  build/default/debug/GOTHtraps.o \
  build/default/debug/geterrorloc.o \
  build/default/debug/FlashFS.o \
  build/default/debug/PID.o \
  build/default/debug/Http_API.o \
  build/default/debug/Settings.o \
  build/default/debug/SystemConfiguration.o \
  build/default/debug/http_server.o \
  build/default/debug/main.o \
  build/default/debug/TemperatureControler.o \
  --defsym=__MPLAB_BUILD=1 \
  -Map=dist/default/debug/TempConWifi_v2.X.debug.map \
  -TTempCon_p33EP256MC204.gld.00 \
  --defsym=__ICD2RAM=1 \
  --defsym=__MPLAB_DEBUG=1 \
  --defsym=__DEBUG=1 \
  --defsym=__MPLAB_DEBUGGER_PK3=1 \
  -start-group \
  --library=pic30-elf \
  --library=m-elf \
  --library=c-elf \
  -end-group \

Archive member included because of file (symbol)

c:/program files (x86)/microchip/mplab c30/bin/bin/../../lib\libpic30-elf.a(crt0_extendedep.o)
                              (__resetPRI)
c:/program files (x86)/microchip/mplab c30/bin/bin/../../lib\libpic30-elf.a(data_init_extendedep.o)
                              c:/program files (x86)/microchip/mplab c30/bin/bin/../../lib\libpic30-elf.a(crt0_extendedep.o) (__data_init_extended)
c:/program files (x86)/microchip/mplab c30/bin/bin/../../lib\libm-elf.a(addsf3.epeo)
                              build/default/debug/circularPrintF.o (___subsf3)
c:/program files (x86)/microchip/mplab c30/bin/bin/../../lib\libm-elf.a(divsf3.epeo)
                              build/default/debug/rtc.o (___divsf3)
c:/program files (x86)/microchip/mplab c30/bin/bin/../../lib\libm-elf.a(divsi3.epeo)
                              build/default/debug/rtc.o (___divsi3)
c:/program files (x86)/microchip/mplab c30/bin/bin/../../lib\libm-elf.a(feqltle.epeo)
                              build/default/debug/uPnP.o (___ltsf2)
c:/program files (x86)/microchip/mplab c30/bin/bin/../../lib\libm-elf.a(fgtge.epeo)
                              build/default/debug/PID.o (___gtsf2)
c:/program files (x86)/microchip/mplab c30/bin/bin/../../lib\libm-elf.a(fixsfsi.epeo)
                              build/default/debug/rtc.o (_(float, int, long long, short, float, short, int))
c:/program files (x86)/microchip/mplab c30/bin/bin/../../lib\libm-elf.a(fixunssfsi.epeo)
                              build/default/debug/uPnP.o (___fixunssfsi)
c:/program files (x86)/microchip/mplab c30/bin/bin/../../lib\libm-elf.a(floatsisf.epeo)
                              build/default/debug/rtc.o (___floatsisf)
c:/program files (x86)/microchip/mplab c30/bin/bin/../../lib\libm-elf.a(fne.epeo)
                              build/default/debug/PID.o (___nesf2)
c:/program files (x86)/microchip/mplab c30/bin/bin/../../lib\libm-elf.a(fpack.epeo)
                              c:/program files (x86)/microchip/mplab c30/bin/bin/../../lib\libm-elf.a(addsf3.epeo) (__fpack)
c:/program files (x86)/microchip/mplab c30/bin/bin/../../lib\libm-elf.a(funpack.epeo)
                              c:/program files (x86)/microchip/mplab c30/bin/bin/../../lib\libm-elf.a(fixsfsi.epeo) (__funpack)
c:/program files (x86)/microchip/mplab c30/bin/bin/../../lib\libm-elf.a(funpack2.epeo)
                              c:/program files (x86)/microchip/mplab c30/bin/bin/../../lib\libm-elf.a(addsf3.epeo) (__funpack2)
c:/program files (x86)/microchip/mplab c30/bin/bin/../../lib\libm-elf.a(futil.epeo)
[...]
Memory Configuration

Name             Origin             Length             Attributes
data             0x001000           0x008000           a !xr
reset            0x000000           0x000004  
ivt              0x000004           0x0001fc  
program          0x000200           0x027bea           xr
FICD             0x02aff0           0x000002  
FPOR             0x02aff2           0x000002  
FWDT             0x02aff4           0x000002  
FOSC             0x02aff6           0x000002  
FOSCSEL          0x02aff8           0x000002  
FGS              0x02affa           0x000002  
FUID0            0x800ff8           0x000002  
FUID1            0x800ffa           0x000002  
FUID2            0x800ffc           0x000002  
FUID3            0x800ffe           0x000002  
*default*        0x000000           0xffffffff  

Linker script and memory map

LOAD build/default/debug/I2C.o
LOAD build/default/debug/OneWire.o
LOAD build/default/debug/rtc.o
LOAD build/default/debug/ESP8266.o
LOAD build/default/debug/uPnP.o
LOAD build/default/debug/mDNS.o
LOAD build/default/debug/FIFO.o
LOAD build/default/debug/circularPrintF.o
LOAD build/default/debug/Base64.o
LOAD build/default/debug/MD5.o
LOAD build/default/debug/pack.o
LOAD build/default/debug/fletcherChecksum.o
LOAD build/default/debug/GOTHtraps.o
LOAD build/default/debug/geterrorloc.o
LOAD build/default/debug/FlashFS.o
LOAD build/default/debug/PID.o
LOAD build/default/debug/Http_API.o
LOAD build/default/debug/Settings.o
LOAD build/default/debug/SystemConfiguration.o
LOAD build/default/debug/http_server.o
LOAD build/default/debug/main.o
LOAD build/default/debug/TemperatureControler.o
                    0x0001                  __MPLAB_BUILD = 0x1
LOAD c:/program files (x86)/microchip/mplab c30/bin/bin/../../lib/dsPIC33E\libp33EP256MC204-elf.a
                    0x2aff0                  __FICD = 0x2aff0
                    0x2aff2                  __FPOR = 0x2aff2
                    0x2aff4                  __FWDT = 0x2aff4
                    0x2aff6                  __FOSC = 0x2aff6
                    0x2aff8                  __FOSCSEL = 0x2aff8
                    0x2affa                  __FGS = 0x2affa
                    0x800ff8                  __FUID0 = 0x800ff8
                    0x800ffa                  __FUID1 = 0x800ffa
                    0x800ffc                  __FUID2 = 0x800ffc
                    0x800ffe                  __FUID3 = 0x800ffe
                    0x0004                  __IVT_BASE = 0x4
                    0x1000                  __DATA_BASE = 0x1000
                    0x8000                  __DATA_LENGTH = 0x8000
                    0x5000                  __YDATA_BASE = 0x5000
                    0x0200                  __CODE_BASE = 0x200
                    0x27bea                  __CODE_LENGTH = 0x27bea

.reset            0x000000          0x4
                  0x000000          0x2 SHORT 0x200 ABSOLUTE (__reset)
                  0x000001          0x2 SHORT 0x4
                  0x000002          0x2 SHORT 0x0 ((ABSOLUTE (__reset) >> 0x10) & 0x7f)
                  0x000003          0x2 SHORT 0x0

.text             0x000200       0x147e
 *(.init)
 .init            0x000200         0x2e c:/program files (x86)/microchip/mplab c30/bin/bin/../../lib\libpic30-elf.a(crt0_extendedep.o)
                  0x000200                  __resetPRI
                  0x000200                  __reset
                  0x000222                  __psv_init
 .init            0x00022e         0x9a c:/program files (x86)/microchip/mplab c30/bin/bin/../../lib\libpic30-elf.a(data_init_extendedep.o)
                  0x00022e                  __data_init
                  0x00022e                  __data_init_extended
 *(.user_init)
 *(.handle)
 .handle          0x0002c8         0x68 jump_table
 *(.isr*)
 .isr             0x000330          0x4 default_isr
                  0x000330                  __DefaultInterrupt
 *(.libc)
 *(.libm)
 *(.libdsp)
 *(.lib*)
 .libm.subsf3     0x000334         0xbc c:/program files (x86)/microchip/mplab c30/bin/bin/../../lib\libm-elf.a(addsf3.epeo)
                  0x000334                  ___subsf3
                  0x000336                  ___addsf3
 .libm.divfs3     0x0003f0         0x84 c:/program files (x86)/microchip/mplab c30/bin/bin/../../lib\libm-elf.a(divsf3.epeo)
                  0x0003f0                  ___divsf3
 .libm.divsi3     0x000474         0x1e c:/program files (x86)/microchip/mplab c30/bin/bin/../../lib\libm-elf.a(divsi3.epeo)
                  0x000474                  ___divsi3
 .libm.eqsf2      0x000492          0x4 c:/program files (x86)/microchip/mplab c30/bin/bin/../../lib\libm-elf.a(feqltle.epeo)
                  0x000492                  ___eqsf2
                  0x000492                  ___ltsf2
                  0x000492                  ___lesf2
 .libm.gtsf2      0x000496          0x4 c:/program files (x86)/microchip/mplab c30/bin/bin/../../lib\libm-elf.a(fgtge.epeo)
                  0x000496                  ___gesf2
                  0x000496                  ___gtsf2
 .libm.fixsfsi    0x00049a         0x42 c:/program files (x86)/microchip/mplab c30/bin/bin/../../lib\libm-elf.a(fixsfsi.epeo)
                  0x00049a                  _(float, int, long long, short, float, short, int)
 .libm.fixunssfsi
                  0x0004dc         0x36 c:/program files (x86)/microchip/mplab c30/bin/bin/../../lib\libm-elf.a(fixunssfsi.epeo)
                  0x0004dc                  ___fixunssfsi
 .libm.floatsisf
                  0x000512         0x56 c:/program files (x86)/microchip/mplab c30/bin/bin/../../lib\libm-elf.a(floatsisf.epeo)
                  0x000512                  ___floatsisf
 .libm.nesf2      0x000568          0x4 c:/program files (x86)/microchip/mplab c30/bin/bin/../../lib\libm-elf.a(fne.epeo)
                  0x000568                  ___nesf2
 .libm.fpack      0x00056c         0x4c c:/program files (x86)/microchip/mplab c30/bin/bin/../../lib\libm-elf.a(fpack.epeo)
                  0x00056c                  __fpack
 .libm.funpack    0x0005b8         0x2a c:/program files (x86)/microchip/mplab c30/bin/bin/../../lib\libm-elf.a(funpack.epeo)
                  0x0005b8                  __funpack
 .libm.funpack2
                  0x0005e2         0x10 c:/program files (x86)/microchip/mplab c30/bin/bin/../../lib\libm-elf.a(funpack2.epeo)
                  0x0005e2                  __funpack2
 .libm.fPropagateNaN
                  0x0005f2         0x12 c:/program files (x86)/microchip/mplab c30/bin/bin/../../lib\libm-elf.a(futil.epeo)
                  0x0005f2                  __fPropagateNaN
 .libm.fbobExit
                  0x000604          0x8 c:/program files (x86)/microchip/mplab c30/bin/bin/../../lib\libm-elf.a(futil.epeo)
                  0x000604                  __fbopExit
 .libm.fbopReturnNaN
                  0x00060c          0x6 c:/program files (x86)/microchip/mplab c30/bin/bin/../../lib\libm-elf.a(futil.epeo)
                  0x00060c                  __fbopReturnNaN
 .libm.modsi3     0x000612         0x1e c:/program files (x86)/microchip/mplab c30/bin/bin/../../lib\libm-elf.a(modsi3.epeo)
                  0x000612                  ___modsi3
 .libm.mulsf3     0x000630         0x68 c:/program files (x86)/microchip/mplab c30/bin/bin/../../lib\libm-elf.a(mulsf3.epeo)
                  0x000630                  ___mulsf3
 .libm.udivsi3    0x000698         0x20 c:/program files (x86)/microchip/mplab c30/bin/bin/../../lib\libm-elf.a(udivsi3.epeo)
                  0x000698                  ___udivsi3
 .libm.umodsi3    0x0006b8          0x6 c:/program files (x86)/microchip/mplab c30/bin/bin/../../lib\libm-elf.a(umodsi3.epeo)
                  0x0006b8                  ___umodsi3
 .libm.fcompare
                  0x0006be         0x36 c:/program files (x86)/microchip/mplab c30/bin/bin/../../lib\libm-elf.a(fcompare.epeo)
                  0x0006be                  __fcompare
 .libc.memcmp     0x0006f4         0x34 c:/program files (x86)/microchip/mplab c30/bin/bin/../../lib\libc-elf.a(memcmp.EPeo)
                  0x0006f4                  _memcmp
 .libc.memcpy     0x000728         0x10 c:/program files (x86)/microchip/mplab c30/bin/bin/../../lib\libc-elf.a(memcpy.EPeo)
                  0x000728                  _memcpy
 .libc.memset     0x000738         0x10 c:/program files (x86)/microchip/mplab c30/bin/bin/../../lib\libc-elf.a(memset.EPeo)
                  0x000738                  _memset
 .libc.strcmp     0x000748         0x10 c:/program files (x86)/microchip/mplab c30/bin/bin/../../lib\libc-elf.a(strcmp.EPeo)
                  0x000748                  _strcmp
 .libc.strcpy     0x000758         0x10 c:/program files (x86)/microchip/mplab c30/bin/bin/../../lib\libc-elf.a(strcpy.EPeo)
                  0x000758                  _strcpy
 .libc.strlen     0x000768          0xc c:/program files (x86)/microchip/mplab c30/bin/bin/../../lib\libc-elf.a(strlen.EPeo)
                  0x000768                  _strlen
 .libc.strncmp    0x000774         0x24 c:/program files (x86)/microchip/mplab c30/bin/bin/../../lib\libc-elf.a(strncmp.EPeo)
                  0x000774                  _strncmp
 .libc.strstr     0x000798         0x2e c:/program files (x86)/microchip/mplab c30/bin/bin/../../lib\libc-elf.a(strstr.EPeo)
                  0x000798                  _strstr
 .libc._sscanf_cdnopuxX
                  0x0007c6         0x1c c:/program files (x86)/microchip/mplab c30/bin/bin/../../lib\libc-elf.a(sscanf_cdnopuxX.EPeo)
                  0x0007c6                  __sscanf_cdnopuxX
 .libc.range      0x0007e2         0x3c c:/program files (x86)/microchip/mplab c30/bin/bin/../../lib\libc-elf.a(doscan_cdnopuxX.EPeo)
 .libc.wspace     0x00081e         0x1c c:/program files (x86)/microchip/mplab c30/bin/bin/../../lib\libc-elf.a(doscan_cdnopuxX.EPeo)
 .libc._vfscanf_cdnopuxX
                  0x00083a        0x242 c:/program files (x86)/microchip/mplab c30/bin/bin/../../lib\libc-elf.a(doscan_cdnopuxX.EPeo)
                  0x00083a                  __vfscanf_cdnopuxX
 .libc._sprintf_cdnopsuxX
                  0x000a7c         0x2e c:/program files (x86)/microchip/mplab c30/bin/bin/../../lib\libc-elf.a(sprintf_cdnopsuxX.EPeo)
                  0x000a7c                  __sprintf_0
                  0x000a7c                  __sprintf_s
                  0x000a7c                  __sprintf_cdnopuxX
                  0x000a7c                  __sprintf_cdnopsuxX
 .libc._vfprintf_cdnopsuxX
                  0x000aaa        0x568 c:/program files (x86)/microchip/mplab c30/bin/bin/../../lib\libc-elf.a(doprnt_cdnopsuxX.EPeo)
                  0x000aaa                  __vfprintf_cdnopuxX
                  0x000aaa                  __vfprintf_cdnopsuxX
                  0x000aaa                  __vfprintf_0
                  0x000aaa                  __vfprintf_s
 .libc.isalpha    0x001012         0x14 c:/program files (x86)/microchip/mplab c30/bin/bin/../../lib\libc-elf.a(isalpha.EPelo)
                  0x001012                  _isalpha
 .libc.isspace    0x001026         0x10 c:/program files (x86)/microchip/mplab c30/bin/bin/../../lib\libc-elf.a(isspace.EPelo)
                  0x001026                  _isspace
 .libc.isupper    0x001036          0xc c:/program files (x86)/microchip/mplab c30/bin/bin/../../lib\libc-elf.a(isupper.EPelo)
                  0x001036                  _isupper
 .libc.tolower    0x001042          0xe c:/program files (x86)/microchip/mplab c30/bin/bin/../../lib\libc-elf.a(tolower.EPelo)
                  0x001042                  _tolower
 .libc.atoi       0x001050         0x48 c:/program files (x86)/microchip/mplab c30/bin/bin/../../lib\libc-elf.a(atoi.EPelo)
                  0x001050                  _atoi
 .libc.fgetc      0x001098         0x68 c:/program files (x86)/microchip/mplab c30/bin/bin/../../lib\libc-elf.a(fgetc.EPelo)
                  0x001098                  _fgetc
 .libc.fputc      0x001100         0x94 c:/program files (x86)/microchip/mplab c30/bin/bin/../../lib\libc-elf.a(fputc.EPelo)
                  0x001100                  _fputc
 .libc.strchr     0x001194         0x10 c:/program files (x86)/microchip/mplab c30/bin/bin/../../lib\libc-elf.a(strchr.EPelo)
                  0x001194                  _strchr
 .libc.ungetc     0x0011a4         0x42 c:/program files (x86)/microchip/mplab c30/bin/bin/../../lib\libc-elf.a(ungetc.EPelo)
                  0x0011a4                  _ungetc
 .libc._filbuf    0x0011e6         0x9c c:/program files (x86)/microchip/mplab c30/bin/bin/../../lib\libc-elf.a(filbuf.EPeo)
                  0x0011e6                  __filbuf
 .libc._flsbuf    0x001282         0x86 c:/program files (x86)/microchip/mplab c30/bin/bin/../../lib\libc-elf.a(flsbuf.EPeo)
                  0x001282                  __flsbuf
 .libc.fflush     0x001308         0x54 c:/program files (x86)/microchip/mplab c30/bin/bin/../../lib\libc-elf.a(fflush.EPeo)
                  0x001308                  _fflush
 .libc.read       0x00135c         0x72 c:/program files (x86)/microchip/mplab c30/bin/bin/../../lib\libpic30-elf.a(readep.eo)
                  0x00135c                  _read
 .libc.write      0x0013ce         0x6c c:/program files (x86)/microchip/mplab c30/bin/bin/../../lib\libpic30-elf.a(writeep.eo)
                  0x0013ce                  _write
 .libc.mulsi3     0x00143a          0xc c:/program files (x86)/microchip/mplab c30/bin/bin/../../lib\libm-elf.a(mulsi3.epeo)
                  0x00143a                  ___mulp32peds3
                  0x00143a                  ___mulsi3
                  0x00143a                  ___mulp32eds3
 .libm.__PplusBdi
                  0x001446         0x26 c:/program files (x86)/microchip/mplab c30/bin/bin/../../lib\libm-elf.a(divmoddi3.epeo)
 .libm.__udivmoddi3
                  0x00146c        0x128 c:/program files (x86)/microchip/mplab c30/bin/bin/../../lib\libm-elf.a(divmoddi3.epeo)
                  0x00146c                  ___udivmoddi3
 .libm.__udivdi3
                  0x001594          0xe c:/program files (x86)/microchip/mplab c30/bin/bin/../../lib\libm-elf.a(divmoddi3.epeo)
                  0x001594                  ___udivdi3
 .libm.__umoddi3
                  0x0015a2          0x8 c:/program files (x86)/microchip/mplab c30/bin/bin/../../lib\libm-elf.a(divmoddi3.epeo)
                  0x0015a2                  ___umoddi3
 .libm.__divdi3
                  0x0015aa         0x6c c:/program files (x86)/microchip/mplab c30/bin/bin/../../lib\libm-elf.a(divmoddi3.epeo)
                  0x0015aa                  ___divdi3
 .libm.__moddi3
                  0x001616         0x68 c:/program files (x86)/microchip/mplab c30/bin/bin/../../lib\libm-elf.a(divmoddi3.epeo)
                  0x001616                  ___moddi3

usercode
 *(usercode)

__FICD            0x02aff0          0x2
 *(__FICD.sec*)
 __FICD.sec       0x02aff0          0x2 build/default/debug/main.o

__FPOR            0x02aff2          0x2
 *(__FPOR.sec*)
 __FPOR.sec       0x02aff2          0x2 build/default/debug/main.o

__FWDT            0x02aff4          0x2
 *(__FWDT.sec*)
 __FWDT.sec       0x02aff4          0x2 build/default/debug/main.o

__FOSC            0x02aff6          0x2
 *(__FOSC.sec*)
 __FOSC.sec       0x02aff6          0x2 build/default/debug/main.o

__FOSCSEL         0x02aff8          0x2
 *(__FOSCSEL.sec*)
 __FOSCSEL.sec    0x02aff8          0x2 build/default/debug/main.o

__FGS             0x02affa          0x2
 *(__FGS.sec*)
 __FGS.sec        0x02affa          0x2 FGS
                  0x02affa                  __FGS.sec

__FUID0
 *(__FUID0.sec*)

__FUID1
 *(__FUID1.sec*)

__FUID2
 *(__FUID2.sec*)

__FUID3
 *(__FUID3.sec*)

.icd                0x1000         0x50
                    0x1050                  . = (. + DEFINED (__ICD2RAM)?0x50:0x0)
 *fill*             0x1000         0x5000

.comment
 *(.comment)

.debug_info       0x000000      0x15251
 *(.debug_info)
 .debug_info      0x000000        0x678 build/default/debug/OneWire.o
 .debug_info      0x000678        0xf50 build/default/debug/rtc.o
 .debug_info      0x0015c8       0x1835 build/default/debug/ESP8266.o
 .debug_info      0x002dfd        0x80b build/default/debug/uPnP.o
 .debug_info      0x003608        0xb95 build/default/debug/mDNS.o
 .debug_info      0x00419d        0x25a build/default/debug/FIFO.o
 .debug_info      0x0043f7        0x745 build/default/debug/circularPrintF.o
 .debug_info      0x004b3c        0x474 build/default/debug/Base64.o
 .debug_info      0x004fb0        0x45b build/default/debug/MD5.o
 .debug_info      0x00540b        0x46e build/default/debug/pack.o
 .debug_info      0x005879        0x1c8 build/default/debug/fletcherChecksum.o
 .debug_info      0x005a41        0x5b1 build/default/debug/GOTHtraps.o
 .debug_info      0x005ff2         0xac build/default/debug/geterrorloc.o
 .debug_info      0x00609e       0x21c2 build/default/debug/FlashFS.o
 .debug_info      0x008260        0x2ac build/default/debug/PID.o
 .debug_info      0x00850c       0x1f56 build/default/debug/Http_API.o
 .debug_info      0x00a462        0xf3c build/default/debug/Settings.o
 .debug_info      0x00b39e       0x4068 build/default/debug/SystemConfiguration.o
 .debug_info      0x00f406       0x1b69 build/default/debug/http_server.o
 .debug_info      0x010f6f       0x1bdf build/default/debug/main.o
 .debug_info      0x012b4e       0x1699 build/default/debug/TemperatureControler.o
 .debug_info      0x0141e7        0x7e3 c:/program files (x86)/microchip/mplab c30/bin/bin/../../lib\libpic30-elf.a(readep.eo)
 .debug_info      0x0149ca        0x7c6 c:/program files (x86)/microchip/mplab c30/bin/bin/../../lib\libpic30-elf.a(writeep.eo)
 .debug_info      0x015190         0xc1 c:/program files (x86)/microchip/mplab c30/bin/bin/../../lib\libpic30-elf.a(c30_uartep.eo)
 *(.gnu.linkonce.wi.*)

.debug_abbrev     0x000000       0x21ee
 *(.debug_abbrev)
 .debug_abbrev    0x000000          0x1 build/default/debug/I2C.o
 .debug_abbrev    0x000001        0x104 build/default/debug/OneWire.o
 .debug_abbrev    0x000105        0x1b3 build/default/debug/rtc.o
 .debug_abbrev    0x0002b8        0x296 build/default/debug/ESP8266.o
 .debug_abbrev    0x00054e        0x18d build/default/debug/uPnP.o
 .debug_abbrev    0x0006db        0x200 build/default/debug/mDNS.o
 .debug_abbrev    0x0008db         0xb2 build/default/debug/FIFO.o
 .debug_abbrev    0x00098d        0x101 build/default/debug/circularPrintF.o
 .debug_abbrev    0x000a8e        0x106 build/default/debug/Base64.o
 .debug_abbrev    0x000b94        0x102 build/default/debug/MD5.o
 .debug_abbrev    0x000c96         0xdc build/default/debug/pack.o
 .debug_abbrev    0x000d72         0x6f build/default/debug/fletcherChecksum.o
 .debug_abbrev    0x000de1        0x11a build/default/debug/GOTHtraps.o
 .debug_abbrev    0x000efb         0x14 build/default/debug/geterrorloc.o
 .debug_abbrev    0x000f0f        0x25d build/default/debug/FlashFS.o
 .debug_abbrev    0x00116c         0x9b build/default/debug/PID.o
 .debug_abbrev    0x001207        0x228 build/default/debug/Http_API.o
 .debug_abbrev    0x00142f        0x223 build/default/debug/Settings.o
 .debug_abbrev    0x001652        0x1ce build/default/debug/SystemConfiguration.o
 .debug_abbrev    0x001820        0x262 build/default/debug/http_server.o
 .debug_abbrev    0x001a82        0x201 build/default/debug/main.o
 .debug_abbrev    0x001c83        0x244 build/default/debug/TemperatureControler.o
 .debug_abbrev    0x001ec7        0x181 c:/program files (x86)/microchip/mplab c30/bin/bin/../../lib\libpic30-elf.a(readep.eo)
 .debug_abbrev    0x002048        0x176 c:/program files (x86)/microchip/mplab c30/bin/bin/../../lib\libpic30-elf.a(writeep.eo)
 .debug_abbrev    0x0021be         0x30 c:/program files (x86)/microchip/mplab c30/bin/bin/../../lib\libpic30-elf.a(c30_uartep.eo)

.debug_line       0x000000       0xb927
 *(.debug_line)
 .debug_line      0x000000         0x24 build/default/debug/I2C.o
 .debug_line      0x000024        0x24e build/default/debug/OneWire.o
 .debug_line      0x000272        0x92e build/default/debug/rtc.o
 .debug_line      0x000ba0        0xf65 build/default/debug/ESP8266.o
 .debug_line      0x001b05        0x529 build/default/debug/uPnP.o
 .debug_line      0x00202e        0x6d4 build/default/debug/mDNS.o
 .debug_line      0x002702        0x10b build/default/debug/FIFO.o
 .debug_line      0x00280d        0x7ed build/default/debug/circularPrintF.o
 .debug_line      0x002ffa        0x2eb build/default/debug/Base64.o
 .debug_line      0x0032e5        0x555 build/default/debug/MD5.o
 .debug_line      0x00383a        0x3e4 build/default/debug/pack.o
 .debug_line      0x003c1e         0xf9 build/default/debug/fletcherChecksum.o
 .debug_line      0x003d17        0x244 build/default/debug/GOTHtraps.o
 .debug_line      0x003f5b         0x4d build/default/debug/geterrorloc.o
 .debug_line      0x003fa8       0x1d65 build/default/debug/FlashFS.o
 .debug_line      0x005d0d        0x140 build/default/debug/PID.o
 .debug_line      0x005e4d       0x15cd build/default/debug/Http_API.o
 .debug_line      0x00741a        0xa6c build/default/debug/Settings.o
 .debug_line      0x007e86        0x691 build/default/debug/SystemConfiguration.o
 .debug_line      0x008517       0x16aa build/default/debug/http_server.o
 .debug_line      0x009bc1        0x816 build/default/debug/main.o
 .debug_line      0x00a3d7       0x1235 build/default/debug/TemperatureControler.o
 .debug_line      0x00b60c        0x179 c:/program files (x86)/microchip/mplab c30/bin/bin/../../lib\libpic30-elf.a(readep.eo)
 .debug_line      0x00b785        0x170 c:/program files (x86)/microchip/mplab c30/bin/bin/../../lib\libpic30-elf.a(writeep.eo)
 .debug_line      0x00b8f5         0x32 c:/program files (x86)/microchip/mplab c30/bin/bin/../../lib\libpic30-elf.a(c30_uartep.eo)

.debug_frame      0x000000       0x72b1
 *(.debug_frame)
 .debug_frame     0x000000         0x77 build/default/debug/OneWire.o
 .debug_frame     0x000077        0x5e1 build/default/debug/rtc.o
 .debug_frame     0x000658        0x9a3 build/default/debug/ESP8266.o
 .debug_frame     0x000ffb        0x3cf build/default/debug/uPnP.o
 .debug_frame     0x0013ca        0x4dd build/default/debug/mDNS.o
 .debug_frame     0x0018a7         0x37 build/default/debug/FIFO.o
 .debug_frame     0x0018de        0x1da build/default/debug/circularPrintF.o
 .debug_frame     0x001ab8         0x57 build/default/debug/Base64.o
 .debug_frame     0x001b0f         0x67 build/default/debug/MD5.o
 .debug_frame     0x001b76         0x57 build/default/debug/pack.o
 .debug_frame     0x001bcd         0x27 build/default/debug/fletcherChecksum.o
 .debug_frame     0x001bf4         0xf0 build/default/debug/GOTHtraps.o
 .debug_frame     0x001ce4       0x1263 build/default/debug/FlashFS.o
 .debug_frame     0x002f47         0x57 build/default/debug/PID.o
 .debug_frame     0x002f9e       0x140c build/default/debug/Http_API.o
 .debug_frame     0x0043aa        0xb40 build/default/debug/Settings.o
 .debug_frame     0x004eea         0xb7 build/default/debug/SystemConfiguration.o
 .debug_frame     0x004fa1       0x110a build/default/debug/http_server.o
 .debug_frame     0x0060ab        0x10f build/default/debug/main.o
 .debug_frame     0x0061ba       0x10a9 build/default/debug/TemperatureControler.o
 .debug_frame     0x007263         0x27 c:/program files (x86)/microchip/mplab c30/bin/bin/../../lib\libpic30-elf.a(readep.eo)
 .debug_frame     0x00728a         0x27 c:/program files (x86)/microchip/mplab c30/bin/bin/../../lib\libpic30-elf.a(writeep.eo)

.debug_str        0x000000        0x590
 *(.debug_str)
 .debug_str       0x000000         0x15 build/default/debug/OneWire.o
 .debug_str       0x000015         0x2c build/default/debug/rtc.o
 .debug_str       0x000041         0x57 build/default/debug/ESP8266.o
 .debug_str       0x000098          0xd build/default/debug/uPnP.o
 .debug_str       0x0000a5         0x24 build/default/debug/mDNS.o
 .debug_str       0x0000c9          0xd build/default/debug/FIFO.o
 .debug_str       0x0000d6         0x24 build/default/debug/circularPrintF.o
 .debug_str       0x0000fa         0x22 build/default/debug/Base64.o
 .debug_str       0x00011c         0x17 build/default/debug/MD5.o
 .debug_str       0x000133         0x3a build/default/debug/pack.o
 .debug_str       0x00016d         0x14 build/default/debug/GOTHtraps.o
 .debug_str       0x000181         0xbb build/default/debug/FlashFS.o
 .debug_str       0x00023c        0x113 build/default/debug/Http_API.o
 .debug_str       0x00034f         0x32 build/default/debug/Settings.o
 .debug_str       0x000381         0x3f build/default/debug/SystemConfiguration.o
 .debug_str       0x0003c0         0x72 build/default/debug/http_server.o
 .debug_str       0x000432         0x31 build/default/debug/main.o
 .debug_str       0x000463         0xf7 build/default/debug/TemperatureControler.o
 .debug_str       0x00055a         0x1b c:/program files (x86)/microchip/mplab c30/bin/bin/../../lib\libpic30-elf.a(readep.eo)
 .debug_str       0x000575         0x1b c:/program files (x86)/microchip/mplab c30/bin/bin/../../lib\libpic30-elf.a(writeep.eo)

.debug_loc
 *(.debug_loc)

.debug_macinfo
 *(.debug_macinfo)

.debug_pubnames
                  0x000000       0x18ea
 *(.debug_pubnames)
 .debug_pubnames
                  0x000000         0x7b build/default/debug/OneWire.o
 .debug_pubnames
                  0x00007b         0xe8 build/default/debug/rtc.o
 .debug_pubnames
                  0x000163        0x1f6 build/default/debug/ESP8266.o
 .debug_pubnames
                  0x000359        0x117 build/default/debug/uPnP.o
 .debug_pubnames
                  0x000470        0x1b6 build/default/debug/mDNS.o
 .debug_pubnames
                  0x000626         0x39 build/default/debug/FIFO.o
 .debug_pubnames
                  0x00065f        0x136 build/default/debug/circularPrintF.o
 .debug_pubnames
                  0x000795         0x79 build/default/debug/Base64.o
 .debug_pubnames
                  0x00080e         0x5d build/default/debug/MD5.o
 .debug_pubnames
                  0x00086b         0x3c build/default/debug/pack.o
 .debug_pubnames
                  0x0008a7         0x21 build/default/debug/fletcherChecksum.o
 .debug_pubnames
                  0x0008c8         0x6c build/default/debug/GOTHtraps.o
 .debug_pubnames
                  0x000934        0x301 build/default/debug/FlashFS.o
 .debug_pubnames
                  0x000c35         0x60 build/default/debug/PID.o
 .debug_pubnames
                  0x000c95        0x2c5 build/default/debug/Http_API.o
 .debug_pubnames
                  0x000f5a         0xb3 build/default/debug/Settings.o
 .debug_pubnames
                  0x00100d         0xe3 build/default/debug/SystemConfiguration.o
 .debug_pubnames
                  0x0010f0        0x2fa build/default/debug/http_server.o
 .debug_pubnames
                  0x0013ea        0x278 build/default/debug/main.o
 .debug_pubnames
                  0x001662        0x230 build/default/debug/TemperatureControler.o
 .debug_pubnames
                  0x001892         0x1b c:/program files (x86)/microchip/mplab c30/bin/bin/../../lib\libpic30-elf.a(readep.eo)
 .debug_pubnames
                  0x0018ad         0x1c c:/program files (x86)/microchip/mplab c30/bin/bin/../../lib\libpic30-elf.a(writeep.eo)
 .debug_pubnames
                  0x0018c9         0x21 c:/program files (x86)/microchip/mplab c30/bin/bin/../../lib\libpic30-elf.a(c30_uartep.eo)

.debug_ranges     0x000000         0x18
 *(.debug_ranges)
 .debug_ranges    0x000000         0x18 build/default/debug/TemperatureControler.o

.debug_aranges    0x000000        0x2e8
 *(.debug_aranges)
 .debug_aranges
                  0x000000         0x20 build/default/debug/OneWire.o
 .debug_aranges
                  0x000020         0x20 build/default/debug/rtc.o
 .debug_aranges
                  0x000040         0x20 build/default/debug/ESP8266.o
 .debug_aranges
                  0x000060         0x20 build/default/debug/uPnP.o
 .debug_aranges
                  0x000080         0x20 build/default/debug/mDNS.o
 .debug_aranges
                  0x0000a0         0x20 build/default/debug/FIFO.o
 .debug_aranges
                  0x0000c0         0x20 build/default/debug/circularPrintF.o
 .debug_aranges
                  0x0000e0         0x20 build/default/debug/Base64.o
 .debug_aranges
                  0x000100         0x20 build/default/debug/MD5.o
 .debug_aranges
                  0x000120         0x20 build/default/debug/pack.o
 .debug_aranges
                  0x000140         0x20 build/default/debug/fletcherChecksum.o
 .debug_aranges
                  0x000160         0x20 build/default/debug/GOTHtraps.o
 .debug_aranges
                  0x000180         0x18 build/default/debug/geterrorloc.o
 .debug_aranges
                  0x000198         0x20 build/default/debug/FlashFS.o
 .debug_aranges
                  0x0001b8         0x20 build/default/debug/PID.o
 .debug_aranges
                  0x0001d8         0x20 build/default/debug/Http_API.o
 .debug_aranges
                  0x0001f8         0x20 build/default/debug/Settings.o
 .debug_aranges
                  0x000218         0x20 build/default/debug/SystemConfiguration.o
 .debug_aranges
                  0x000238         0x20 build/default/debug/http_server.o
 .debug_aranges
                  0x000258         0x20 build/default/debug/main.o
 .debug_aranges
                  0x000278         0x20 build/default/debug/TemperatureControler.o
 .debug_aranges
                  0x000298         0x28 c:/program files (x86)/microchip/mplab c30/bin/bin/../../lib\libpic30-elf.a(readep.eo)
 .debug_aranges
                  0x0002c0         0x28 c:/program files (x86)/microchip/mplab c30/bin/bin/../../lib\libpic30-elf.a(writeep.eo)

.ivt              0x000004        0x13e
                  0x000004          0x4 LONG 0x15340 DEFINED (__OscillatorFail)?ABSOLUTE (__OscillatorFail):ABSOLUTE (__DefaultInterrupt)
                  0x000006          0x4 LONG 0x1535c DEFINED (__AddressError)?ABSOLUTE (__AddressError):ABSOLUTE (__DefaultInterrupt)
                  0x000008          0x4 LONG 0x330 DEFINED (__HardTrapError)?ABSOLUTE (__HardTrapError):ABSOLUTE (__DefaultInterrupt)
                  0x00000a          0x4 LONG 0x153b4 DEFINED (__StackError)?ABSOLUTE (__StackError):ABSOLUTE (__DefaultInterrupt)
                  0x00000c          0x4 LONG 0x1540c DEFINED (__MathError)?ABSOLUTE (__MathError):ABSOLUTE (__DefaultInterrupt)
                  0x00000e          0x4 LONG 0x330 DEFINED (__DMACError)?ABSOLUTE (__DMACError):ABSOLUTE (__DefaultInterrupt)
                  0x000010          0x4 LONG 0x330 DEFINED (__SoftTrapError)?ABSOLUTE (__SoftTrapError):ABSOLUTE (__DefaultInterrupt)
                  0x000012          0x4 LONG 0x330 DEFINED (__ReservedTrap7)?ABSOLUTE (__ReservedTrap7):ABSOLUTE (__DefaultInterrupt)
                  0x000014          0x4 LONG 0x330 DEFINED (__INT0Interrupt)?ABSOLUTE (__INT0Interrupt):ABSOLUTE (__DefaultInterrupt)
                  0x000016          0x4 LONG 0x330 DEFINED (__IC1Interrupt)?ABSOLUTE (__IC1Interrupt):ABSOLUTE (__DefaultInterrupt)
                  0x000018          0x4 LONG 0x330 DEFINED (__OC1Interrupt)?ABSOLUTE (__OC1Interrupt):ABSOLUTE (__DefaultInterrupt)
                  0x00001a          0x4 LONG 0x13436 DEFINED (__T1Interrupt)?ABSOLUTE (__T1Interrupt):ABSOLUTE (__DefaultInterrupt)
                  0x00001c          0x4 LONG 0x330 DEFINED (__DMA0Interrupt)?ABSOLUTE (__DMA0Interrupt):ABSOLUTE (__DefaultInterrupt)
                  0x00001e          0x4 LONG 0x330 DEFINED (__IC2Interrupt)?ABSOLUTE (__IC2Interrupt):ABSOLUTE (__DefaultInterrupt)
                  0x000020          0x4 LONG 0x330 DEFINED (__OC2Interrupt)?ABSOLUTE (__OC2Interrupt):ABSOLUTE (__DefaultInterrupt)
                  0x000022          0x4 LONG 0x13670 DEFINED (__T2Interrupt)?ABSOLUTE (__T2Interrupt):ABSOLUTE (__DefaultInterrupt)
                  0x000024          0x4 LONG 0x1337a DEFINED (__T3Interrupt)?ABSOLUTE (__T3Interrupt):ABSOLUTE (__DefaultInterrupt)
                  0x000026          0x4 LONG 0x330 DEFINED (__SPI1ErrInterrupt)?ABSOLUTE (__SPI1ErrInterrupt):ABSOLUTE (__DefaultInterrupt)
                  0x000028          0x4 LONG 0x330 DEFINED (__SPI1Interrupt)?ABSOLUTE (__SPI1Interrupt):ABSOLUTE (__DefaultInterrupt)
                  0x00002a          0x4 LONG 0x13330 DEFINED (__U1RXInterrupt)?ABSOLUTE (__U1RXInterrupt):ABSOLUTE (__DefaultInterrupt)
                  0x00002c          0x4 LONG 0x13398 DEFINED (__U1TXInterrupt)?ABSOLUTE (__U1TXInterrupt):ABSOLUTE (__DefaultInterrupt)
                  0x00002e          0x4 LONG 0x330 DEFINED (__AD1Interrupt)?ABSOLUTE (__AD1Interrupt):ABSOLUTE (__DefaultInterrupt)
                  0x000030          0x4 LONG 0x330 DEFINED (__DMA1Interrupt)?ABSOLUTE (__DMA1Interrupt):ABSOLUTE (__DefaultInterrupt)
                  0x000032          0x4 LONG 0x330 DEFINED (__Interrupt15)?ABSOLUTE (__Interrupt15):ABSOLUTE (__DefaultInterrupt)
                  0x000034          0x4 LONG 0x330 DEFINED (__SI2C1Interrupt)?ABSOLUTE (__SI2C1Interrupt):ABSOLUTE (__DefaultInterrupt)
                  0x000036          0x4 LONG 0x330 DEFINED (__MI2C1Interrupt)?ABSOLUTE (__MI2C1Interrupt):ABSOLUTE (__DefaultInterrupt)
                  0x000038          0x4 LONG 0x330 DEFINED (__CM1Interrupt)?ABSOLUTE (__CM1Interrupt):ABSOLUTE (__DefaultInterrupt)
                  0x00003a          0x4 LONG 0x13462 DEFINED (__CNInterrupt)?ABSOLUTE (__CNInterrupt):ABSOLUTE (__DefaultInterrupt)
                  0x00003c          0x4 LONG 0x330 DEFINED (__INT1Interrupt)?ABSOLUTE (__INT1Interrupt):ABSOLUTE (__DefaultInterrupt)
                  0x00003e          0x4 LONG 0x330 DEFINED (__Interrupt21)?ABSOLUTE (__Interrupt21):ABSOLUTE (__DefaultInterrupt)
                  0x000040          0x4 LONG 0x330 DEFINED (__Interrupt22)?ABSOLUTE (__Interrupt22):ABSOLUTE (__DefaultInterrupt)
                  0x000042          0x4 LONG 0x330 DEFINED (__Interrupt23)?ABSOLUTE (__Interrupt23):ABSOLUTE (__DefaultInterrupt)
                  0x000044          0x4 LONG 0x134b6 DEFINED (__DMA2Interrupt)?ABSOLUTE (__DMA2Interrupt):ABSOLUTE (__DefaultInterrupt)
                  0x000046          0x4 LONG 0x330 DEFINED (__OC3Interrupt)?ABSOLUTE (__OC3Interrupt):ABSOLUTE (__DefaultInterrupt)
                  0x000048          0x4 LONG 0x330 DEFINED (__OC4Interrupt)?ABSOLUTE (__OC4Interrupt):ABSOLUTE (__DefaultInterrupt)
                  0x00004a          0x4 LONG 0x330 DEFINED (__T4Interrupt)?ABSOLUTE (__T4Interrupt):ABSOLUTE (__DefaultInterrupt)
                  0x00004c          0x4 LONG 0x330 DEFINED (__T5Interrupt)?ABSOLUTE (__T5Interrupt):ABSOLUTE (__DefaultInterrupt)
                  0x00004e          0x4 LONG 0x330 DEFINED (__INT2Interrupt)?ABSOLUTE (__INT2Interrupt):ABSOLUTE (__DefaultInterrupt)
                  0x000050          0x4 LONG 0x330 DEFINED (__U2RXInterrupt)?ABSOLUTE (__U2RXInterrupt):ABSOLUTE (__DefaultInterrupt)
                  0x000052          0x4 LONG 0x133e4 DEFINED (__U2TXInterrupt)?ABSOLUTE (__U2TXInterrupt):ABSOLUTE (__DefaultInterrupt)
                  0x000054          0x4 LONG 0x330 DEFINED (__SPI2ErrInterrupt)?ABSOLUTE (__SPI2ErrInterrupt):ABSOLUTE (__DefaultInterrupt)
                  0x000056          0x4 LONG 0x330 DEFINED (__SPI2Interrupt)?ABSOLUTE (__SPI2Interrupt):ABSOLUTE (__DefaultInterrupt)
                  0x000058          0x4 LONG 0x330 DEFINED (__Interrupt34)?ABSOLUTE (__Interrupt34):ABSOLUTE (__DefaultInterrupt)
                  0x00005a          0x4 LONG 0x330 DEFINED (__Interrupt35)?ABSOLUTE (__Interrupt35):ABSOLUTE (__DefaultInterrupt)
                  0x00005c          0x4 LONG 0x330 DEFINED (__DMA3Interrupt)?ABSOLUTE (__DMA3Interrupt):ABSOLUTE (__DefaultInterrupt)
                  0x00005e          0x4 LONG 0x330 DEFINED (__IC3Interrupt)?ABSOLUTE (__IC3Interrupt):ABSOLUTE (__DefaultInterrupt)
                  0x000060          0x4 LONG 0x330 DEFINED (__IC4Interrupt)?ABSOLUTE (__IC4Interrupt):ABSOLUTE (__DefaultInterrupt)
                  0x000062          0x4 LONG 0x330 DEFINED (__Interrupt39)?ABSOLUTE (__Interrupt39):ABSOLUTE (__DefaultInterrupt)
                  0x000064          0x4 LONG 0x330 DEFINED (__Interrupt40)?ABSOLUTE (__Interrupt40):ABSOLUTE (__DefaultInterrupt)
                  0x000066          0x4 LONG 0x330 DEFINED (__Interrupt41)?ABSOLUTE (__Interrupt41):ABSOLUTE (__DefaultInterrupt)
                  0x000068          0x4 LONG 0x330 DEFINED (__Interrupt42)?ABSOLUTE (__Interrupt42):ABSOLUTE (__DefaultInterrupt)
                  0x00006a          0x4 LONG 0x330 DEFINED (__Interrupt43)?ABSOLUTE (__Interrupt43):ABSOLUTE (__DefaultInterrupt)
                  0x00006c          0x4 LONG 0x330 DEFINED (__Interrupt44)?ABSOLUTE (__Interrupt44):ABSOLUTE (__DefaultInterrupt)
                  0x00006e          0x4 LONG 0x330 DEFINED (__Interrupt45)?ABSOLUTE (__Interrupt45):ABSOLUTE (__DefaultInterrupt)
                  0x000070          0x4 LONG 0x330 DEFINED (__Interrupt46)?ABSOLUTE (__Interrupt46):ABSOLUTE (__DefaultInterrupt)
                  0x000072          0x4 LONG 0x330 DEFINED (__Interrupt47)?ABSOLUTE (__Interrupt47):ABSOLUTE (__DefaultInterrupt)
                  0x000074          0x4 LONG 0x330 DEFINED (__Interrupt48)?ABSOLUTE (__Interrupt48):ABSOLUTE (__DefaultInterrupt)
                  0x000076          0x4 LONG 0x330 DEFINED (__SI2C2Interrupt)?ABSOLUTE (__SI2C2Interrupt):ABSOLUTE (__DefaultInterrupt)
                  0x000078          0x4 LONG 0x330 DEFINED (__MI2C2Interrupt)?ABSOLUTE (__MI2C2Interrupt):ABSOLUTE (__DefaultInterrupt)
                  0x00007a          0x4 LONG 0x330 DEFINED (__Interrupt51)?ABSOLUTE (__Interrupt51):ABSOLUTE (__DefaultInterrupt)
                  0x00007c          0x4 LONG 0x330 DEFINED (__Interrupt52)?ABSOLUTE (__Interrupt52):ABSOLUTE (__DefaultInterrupt)
                  0x00007e          0x4 LONG 0x330 DEFINED (__Interrupt53)?ABSOLUTE (__Interrupt53):ABSOLUTE (__DefaultInterrupt)
                  0x000080          0x4 LONG 0x330 DEFINED (__Interrupt54)?ABSOLUTE (__Interrupt54):ABSOLUTE (__DefaultInterrupt)
                  0x000082          0x4 LONG 0x330 DEFINED (__Interrupt55)?ABSOLUTE (__Interrupt55):ABSOLUTE (__DefaultInterrupt)
                  0x000084          0x4 LONG 0x330 DEFINED (__Interrupt56)?ABSOLUTE (__Interrupt56):ABSOLUTE (__DefaultInterrupt)
                  0x000086          0x4 LONG 0x330 DEFINED (__PWMSpEventMatchInterrupt)?ABSOLUTE (__PWMSpEventMatchInterrupt):ABSOLUTE (__DefaultInterrupt)
                  0x000088          0x4 LONG 0x330 DEFINED (__QEI1Interrupt)?ABSOLUTE (__QEI1Interrupt):ABSOLUTE (__DefaultInterrupt)
                  0x00008a          0x4 LONG 0x330 DEFINED (__Interrupt59)?ABSOLUTE (__Interrupt59):ABSOLUTE (__DefaultInterrupt)
                  0x00008c          0x4 LONG 0x330 DEFINED (__Interrupt60)?ABSOLUTE (__Interrupt60):ABSOLUTE (__DefaultInterrupt)
                  0x00008e          0x4 LONG 0x330 DEFINED (__Interrupt61)?ABSOLUTE (__Interrupt61):ABSOLUTE (__DefaultInterrupt)
                  0x000090          0x4 LONG 0x330 DEFINED (__Interrupt62)?ABSOLUTE (__Interrupt62):ABSOLUTE (__DefaultInterrupt)
                  0x000092          0x4 LONG 0x330 DEFINED (__Interrupt63)?ABSOLUTE (__Interrupt63):ABSOLUTE (__DefaultInterrupt)
                  0x000094          0x4 LONG 0x330 DEFINED (__Interrupt64)?ABSOLUTE (__Interrupt64):ABSOLUTE (__DefaultInterrupt)
                  0x000096          0x4 LONG 0x330 DEFINED (__U1ErrInterrupt)?ABSOLUTE (__U1ErrInterrupt):ABSOLUTE (__DefaultInterrupt)
                  0x000098          0x4 LONG 0x330 DEFINED (__U2ErrInterrupt)?ABSOLUTE (__U2ErrInterrupt):ABSOLUTE (__DefaultInterrupt)
                  0x00009a          0x4 LONG 0x330 DEFINED (__CRCInterrupt)?ABSOLUTE (__CRCInterrupt):ABSOLUTE (__DefaultInterrupt)
                  0x00009c          0x4 LONG 0x330 DEFINED (__Interrupt68)?ABSOLUTE (__Interrupt68):ABSOLUTE (__DefaultInterrupt)
                  0x00009e          0x4 LONG 0x330 DEFINED (__Interrupt69)?ABSOLUTE (__Interrupt69):ABSOLUTE (__DefaultInterrupt)
                  0x0000a0          0x4 LONG 0x330 DEFINED (__Interrupt70)?ABSOLUTE (__Interrupt70):ABSOLUTE (__DefaultInterrupt)
                  0x0000a2          0x4 LONG 0x330 DEFINED (__Interrupt71)?ABSOLUTE (__Interrupt71):ABSOLUTE (__DefaultInterrupt)
                  0x0000a4          0x4 LONG 0x330 DEFINED (__Interrupt72)?ABSOLUTE (__Interrupt72):ABSOLUTE (__DefaultInterrupt)
                  0x0000a6          0x4 LONG 0x330 DEFINED (__Interrupt73)?ABSOLUTE (__Interrupt73):ABSOLUTE (__DefaultInterrupt)
                  0x0000a8          0x4 LONG 0x330 DEFINED (__Interrupt74)?ABSOLUTE (__Interrupt74):ABSOLUTE (__DefaultInterrupt)
                  0x0000aa          0x4 LONG 0x330 DEFINED (__Interrupt75)?ABSOLUTE (__Interrupt75):ABSOLUTE (__DefaultInterrupt)
                  0x0000ac          0x4 LONG 0x330 DEFINED (__Interrupt76)?ABSOLUTE (__Interrupt76):ABSOLUTE (__DefaultInterrupt)
                  0x0000ae          0x4 LONG 0x330 DEFINED (__CTMUInterrupt)?ABSOLUTE (__CTMUInterrupt):ABSOLUTE (__DefaultInterrupt)
                  0x0000b0          0x4 LONG 0x330 DEFINED (__Interrupt78)?ABSOLUTE (__Interrupt78):ABSOLUTE (__DefaultInterrupt)
                  0x0000b2          0x4 LONG 0x330 DEFINED (__Interrupt79)?ABSOLUTE (__Interrupt79):ABSOLUTE (__DefaultInterrupt)
                  0x0000b4          0x4 LONG 0x330 DEFINED (__Interrupt80)?ABSOLUTE (__Interrupt80):ABSOLUTE (__DefaultInterrupt)
                  0x0000b6          0x4 LONG 0x330 DEFINED (__Interrupt81)?ABSOLUTE (__Interrupt81):ABSOLUTE (__DefaultInterrupt)
                  0x0000b8          0x4 LONG 0x330 DEFINED (__Interrupt82)?ABSOLUTE (__Interrupt82):ABSOLUTE (__DefaultInterrupt)
                  0x0000ba          0x4 LONG 0x330 DEFINED (__Interrupt83)?ABSOLUTE (__Interrupt83):ABSOLUTE (__DefaultInterrupt)
                  0x0000bc          0x4 LONG 0x330 DEFINED (__Interrupt84)?ABSOLUTE (__Interrupt84):ABSOLUTE (__DefaultInterrupt)
                  0x0000be          0x4 LONG 0x330 DEFINED (__Interrupt85)?ABSOLUTE (__Interrupt85):ABSOLUTE (__DefaultInterrupt)
                  0x0000c0          0x4 LONG 0x330 DEFINED (__Interrupt86)?ABSOLUTE (__Interrupt86):ABSOLUTE (__DefaultInterrupt)
                  0x0000c2          0x4 LONG 0x330 DEFINED (__Interrupt87)?ABSOLUTE (__Interrupt87):ABSOLUTE (__DefaultInterrupt)
                  0x0000c4          0x4 LONG 0x330 DEFINED (__Interrupt88)?ABSOLUTE (__Interrupt88):ABSOLUTE (__DefaultInterrupt)
                  0x0000c6          0x4 LONG 0x330 DEFINED (__Interrupt89)?ABSOLUTE (__Interrupt89):ABSOLUTE (__DefaultInterrupt)
                  0x0000c8          0x4 LONG 0x330 DEFINED (__Interrupt90)?ABSOLUTE (__Interrupt90):ABSOLUTE (__DefaultInterrupt)
                  0x0000ca          0x4 LONG 0x330 DEFINED (__Interrupt91)?ABSOLUTE (__Interrupt91):ABSOLUTE (__DefaultInterrupt)
                  0x0000cc          0x4 LONG 0x330 DEFINED (__Interrupt92)?ABSOLUTE (__Interrupt92):ABSOLUTE (__DefaultInterrupt)
                  0x0000ce          0x4 LONG 0x330 DEFINED (__Interrupt93)?ABSOLUTE (__Interrupt93):ABSOLUTE (__DefaultInterrupt)
                  0x0000d0          0x4 LONG 0x330 DEFINED (__PWM1Interrupt)?ABSOLUTE (__PWM1Interrupt):ABSOLUTE (__DefaultInterrupt)
                  0x0000d2          0x4 LONG 0x330 DEFINED (__PWM2Interrupt)?ABSOLUTE (__PWM2Interrupt):ABSOLUTE (__DefaultInterrupt)
                  0x0000d4          0x4 LONG 0x330 DEFINED (__PWM3Interrupt)?ABSOLUTE (__PWM3Interrupt):ABSOLUTE (__DefaultInterrupt)
                  0x0000d6          0x4 LONG 0x330 DEFINED (__Interrupt97)?ABSOLUTE (__Interrupt97):ABSOLUTE (__DefaultInterrupt)
                  0x0000d8          0x4 LONG 0x330 DEFINED (__Interrupt98)?ABSOLUTE (__Interrupt98):ABSOLUTE (__DefaultInterrupt)
                  0x0000da          0x4 LONG 0x330 DEFINED (__Interrupt99)?ABSOLUTE (__Interrupt99):ABSOLUTE (__DefaultInterrupt)
                  0x0000dc          0x4 LONG 0x330 DEFINED (__Interrupt100)?ABSOLUTE (__Interrupt100):ABSOLUTE (__DefaultInterrupt)
                  0x0000de          0x4 LONG 0x330 DEFINED (__Interrupt101)?ABSOLUTE (__Interrupt101):ABSOLUTE (__DefaultInterrupt)
                  0x0000e0          0x4 LONG 0x330 DEFINED (__Interrupt102)?ABSOLUTE (__Interrupt102):ABSOLUTE (__DefaultInterrupt)
                  0x0000e2          0x4 LONG 0x330 DEFINED (__Interrupt103)?ABSOLUTE (__Interrupt103):ABSOLUTE (__DefaultInterrupt)
                  0x0000e4          0x4 LONG 0x330 DEFINED (__Interrupt104)?ABSOLUTE (__Interrupt104):ABSOLUTE (__DefaultInterrupt)
                  0x0000e6          0x4 LONG 0x330 DEFINED (__Interrupt105)?ABSOLUTE (__Interrupt105):ABSOLUTE (__DefaultInterrupt)
                  0x0000e8          0x4 LONG 0x330 DEFINED (__Interrupt106)?ABSOLUTE (__Interrupt106):ABSOLUTE (__DefaultInterrupt)
                  0x0000ea          0x4 LONG 0x330 DEFINED (__Interrupt107)?ABSOLUTE (__Interrupt107):ABSOLUTE (__DefaultInterrupt)
                  0x0000ec          0x4 LONG 0x330 DEFINED (__Interrupt108)?ABSOLUTE (__Interrupt108):ABSOLUTE (__DefaultInterrupt)
                  0x0000ee          0x4 LONG 0x330 DEFINED (__Interrupt109)?ABSOLUTE (__Interrupt109):ABSOLUTE (__DefaultInterrupt)
                  0x0000f0          0x4 LONG 0x330 DEFINED (__Interrupt110)?ABSOLUTE (__Interrupt110):ABSOLUTE (__DefaultInterrupt)
                  0x0000f2          0x4 LONG 0x330 DEFINED (__Interrupt111)?ABSOLUTE (__Interrupt111):ABSOLUTE (__DefaultInterrupt)
                  0x0000f4          0x4 LONG 0x330 DEFINED (__Interrupt112)?ABSOLUTE (__Interrupt112):ABSOLUTE (__DefaultInterrupt)
                  0x0000f6          0x4 LONG 0x330 DEFINED (__Interrupt113)?ABSOLUTE (__Interrupt113):ABSOLUTE (__DefaultInterrupt)
                  0x0000f8          0x4 LONG 0x330 DEFINED (__Interrupt114)?ABSOLUTE (__Interrupt114):ABSOLUTE (__DefaultInterrupt)
                  0x0000fa          0x4 LONG 0x330 DEFINED (__Interrupt115)?ABSOLUTE (__Interrupt115):ABSOLUTE (__DefaultInterrupt)
                  0x0000fc          0x4 LONG 0x330 DEFINED (__Interrupt116)?ABSOLUTE (__Interrupt116):ABSOLUTE (__DefaultInterrupt)
                  0x0000fe          0x4 LONG 0x330 DEFINED (__Interrupt117)?ABSOLUTE (__Interrupt117):ABSOLUTE (__DefaultInterrupt)
                  0x000100          0x4 LONG 0x330 DEFINED (__Interrupt118)?ABSOLUTE (__Interrupt118):ABSOLUTE (__DefaultInterrupt)
                  0x000102          0x4 LONG 0x330 DEFINED (__Interrupt119)?ABSOLUTE (__Interrupt119):ABSOLUTE (__DefaultInterrupt)
                  0x000104          0x4 LONG 0x330 DEFINED (__Interrupt120)?ABSOLUTE (__Interrupt120):ABSOLUTE (__DefaultInterrupt)
                  0x000106          0x4 LONG 0x330 DEFINED (__Interrupt121)?ABSOLUTE (__Interrupt121):ABSOLUTE (__DefaultInterrupt)
                  0x000108          0x4 LONG 0x330 DEFINED (__Interrupt122)?ABSOLUTE (__Interrupt122):ABSOLUTE (__DefaultInterrupt)
                  0x00010a          0x4 LONG 0x330 DEFINED (__Interrupt123)?ABSOLUTE (__Interrupt123):ABSOLUTE (__DefaultInterrupt)
                  0x00010c          0x4 LONG 0x330 DEFINED (__Interrupt124)?ABSOLUTE (__Interrupt124):ABSOLUTE (__DefaultInterrupt)
                  0x00010e          0x4 LONG 0x330 DEFINED (__Interrupt125)?ABSOLUTE (__Interrupt125):ABSOLUTE (__DefaultInterrupt)
                  0x000110          0x4 LONG 0x330 DEFINED (__Interrupt126)?ABSOLUTE (__Interrupt126):ABSOLUTE (__DefaultInterrupt)
                  0x000112          0x4 LONG 0x330 DEFINED (__Interrupt127)?ABSOLUTE (__Interrupt127):ABSOLUTE (__DefaultInterrupt)
                  0x000114          0x4 LONG 0x330 DEFINED (__Interrupt128)?ABSOLUTE (__Interrupt128):ABSOLUTE (__DefaultInterrupt)
                  0x000116          0x4 LONG 0x330 DEFINED (__Interrupt129)?ABSOLUTE (__Interrupt129):ABSOLUTE (__DefaultInterrupt)
                  0x000118          0x4 LONG 0x330 DEFINED (__Interrupt130)?ABSOLUTE (__Interrupt130):ABSOLUTE (__DefaultInterrupt)
                  0x00011a          0x4 LONG 0x330 DEFINED (__Interrupt131)?ABSOLUTE (__Interrupt131):ABSOLUTE (__DefaultInterrupt)
                  0x00011c          0x4 LONG 0x330 DEFINED (__Interrupt132)?ABSOLUTE (__Interrupt132):ABSOLUTE (__DefaultInterrupt)
                  0x00011e          0x4 LONG 0x330 DEFINED (__Interrupt133)?ABSOLUTE (__Interrupt133):ABSOLUTE (__DefaultInterrupt)
                  0x000120          0x4 LONG 0x330 DEFINED (__Interrupt134)?ABSOLUTE (__Interrupt134):ABSOLUTE (__DefaultInterrupt)
                  0x000122          0x4 LONG 0x330 DEFINED (__Interrupt135)?ABSOLUTE (__Interrupt135):ABSOLUTE (__DefaultInterrupt)
                  0x000124          0x4 LONG 0x330 DEFINED (__Interrupt136)?ABSOLUTE (__Interrupt136):ABSOLUTE (__DefaultInterrupt)
                  0x000126          0x4 LONG 0x330 DEFINED (__Interrupt137)?ABSOLUTE (__Interrupt137):ABSOLUTE (__DefaultInterrupt)
                  0x000128          0x4 LONG 0x330 DEFINED (__Interrupt138)?ABSOLUTE (__Interrupt138):ABSOLUTE (__DefaultInterrupt)
                  0x00012a          0x4 LONG 0x330 DEFINED (__Interrupt139)?ABSOLUTE (__Interrupt139):ABSOLUTE (__DefaultInterrupt)
                  0x00012c          0x4 LONG 0x330 DEFINED (__Interrupt140)?ABSOLUTE (__Interrupt140):ABSOLUTE (__DefaultInterrupt)
                  0x00012e          0x4 LONG 0x330 DEFINED (__Interrupt141)?ABSOLUTE (__Interrupt141):ABSOLUTE (__DefaultInterrupt)
                  0x000130          0x4 LONG 0x330 DEFINED (__ICDInterrupt)?ABSOLUTE (__ICDInterrupt):ABSOLUTE (__DefaultInterrupt)
                  0x000132          0x4 LONG 0x330 DEFINED (__JTAGInterrupt)?ABSOLUTE (__JTAGInterrupt):ABSOLUTE (__DefaultInterrupt)
                  0x000134          0x4 LONG 0x330 DEFINED (__Interrupt144)?ABSOLUTE (__Interrupt144):ABSOLUTE (__DefaultInterrupt)
                  0x000136          0x4 LONG 0x330 DEFINED (__PTGSTEPInterrupt)?ABSOLUTE (__PTGSTEPInterrupt):ABSOLUTE (__DefaultInterrupt)
                  0x000138          0x4 LONG 0x330 DEFINED (__PTGWDTInterrupt)?ABSOLUTE (__PTGWDTInterrupt):ABSOLUTE (__DefaultInterrupt)
                  0x00013a          0x4 LONG 0x330 DEFINED (__PTG0Interrupt)?ABSOLUTE (__PTG0Interrupt):ABSOLUTE (__DefaultInterrupt)
                  0x00013c          0x4 LONG 0x330 DEFINED (__PTG1Interrupt)?ABSOLUTE (__PTG1Interrupt):ABSOLUTE (__DefaultInterrupt)
                  0x00013e          0x4 LONG 0x330 DEFINED (__PTG2Interrupt)?ABSOLUTE (__PTG2Interrupt):ABSOLUTE (__DefaultInterrupt)
                  0x000140          0x4 LONG 0x330 DEFINED (__PTG3Interrupt)?ABSOLUTE (__PTG3Interrupt):ABSOLUTE (__DefaultInterrupt)
                    0x0000                  WREG0 = 0x0
                    0x0000                  _WREG0 = 0x0
                    0x0002                  WREG1 = 0x2
                    0x0002                  _WREG1 = 0x2
                    0x0004                  WREG2 = 0x4
                    0x0004                  _WREG2 = 0x4
                    0x0006                  WREG3 = 0x6
                    0x0006                  _WREG3 = 0x6
                    0x0008                  WREG4 = 0x8
                    0x0008                  _WREG4 = 0x8
                    0x000a                  WREG5 = 0xa
                    0x000a                  _WREG5 = 0xa
                    0x000c                  WREG6 = 0xc
                    0x000c                  _WREG6 = 0xc
                    0x000e                  WREG7 = 0xe
                    0x000e                  _WREG7 = 0xe
                    0x0010                  WREG8 = 0x10
                    0x0010                  _WREG8 = 0x10
                    0x0012                  WREG9 = 0x12
                    0x0012                  _WREG9 = 0x12
                    0x0014                  WREG10 = 0x14
                    0x0014                  _WREG10 = 0x14
                    0x0016                  WREG11 = 0x16
                    0x0016                  _WREG11 = 0x16
                    0x0018                  WREG12 = 0x18
                    0x0018                  _WREG12 = 0x18
                    0x001a                  WREG13 = 0x1a
                    0x001a                  _WREG13 = 0x1a
                    0x001c                  WREG14 = 0x1c
                    0x001c                  _WREG14 = 0x1c
                    0x001e                  WREG15 = 0x1e
                    0x001e                  _WREG15 = 0x1e
                    0x0020                  SPLIM = 0x20
                    0x0020                  _SPLIM = 0x20
                    0x0022                  ACCAL = 0x22
                    0x0022                  _ACCAL = 0x22
                    0x0024                  ACCAH = 0x24
                    0x0024                  _ACCAH = 0x24
                    0x0026                  ACCAU = 0x26
                    0x0026                  _ACCAU = 0x26
                    0x0028                  ACCBL = 0x28
                    0x0028                  _ACCBL = 0x28
                    0x002a                  ACCBH = 0x2a
                    0x002a                  _ACCBH = 0x2a
                    0x002c                  ACCBU = 0x2c
                    0x002c                  _ACCBU = 0x2c
                    0x002e                  PCL = 0x2e
                    0x002e                  _PCL = 0x2e
                    0x0030                  PCH = 0x30
                    0x0030                  _PCH = 0x30
                    0x0032                  DSRPAG = 0x32
                    0x0032                  _DSRPAG = 0x32
                    0x0032                  _DSRPAGbits = 0x32
                    0x0034                  DSWPAG = 0x34
                    0x0034                  _DSWPAG = 0x34
                    0x0034                  _DSWPAGbits = 0x34
                    0x0036                  RCOUNT = 0x36
                    0x0036                  _RCOUNT = 0x36
                    0x0038                  DCOUNT = 0x38
                    0x0038                  _DCOUNT = 0x38
                    0x003a                  DOSTARTL = 0x3a
                    0x003a                  _DOSTARTL = 0x3a
                    0x003c                  DOSTARTH = 0x3c
                    0x003c                  _DOSTARTH = 0x3c
                    0x003e                  DOENDL = 0x3e
                    0x003e                  _DOENDL = 0x3e
                    0x0040                  DOENDH = 0x40
                    0x0040                  _DOENDH = 0x40
                    0x0042                  SR = 0x42
                    0x0042                  _SR = 0x42
                    0x0042                  _SRbits = 0x42
                    0x0044                  CORCON = 0x44
                    0x0044                  _CORCON = 0x44
                    0x0044                  _CORCONbits = 0x44
                    0x0046                  MODCON = 0x46
                    0x0046                  _MODCON = 0x46
                    0x0046                  _MODCONbits = 0x46
                    0x0048                  XMODSRT = 0x48
                    0x0048                  _XMODSRT = 0x48
                    0x004a                  XMODEND = 0x4a
                    0x004a                  _XMODEND = 0x4a
                    0x004c                  YMODSRT = 0x4c
                    0x004c                  _YMODSRT = 0x4c
                    0x004e                  YMODEND = 0x4e
                    0x004e                  _YMODEND = 0x4e
                    0x0050                  XBREV = 0x50
                    0x0050                  _XBREV = 0x50
                    0x0050                  _XBREVbits = 0x50
                    0x0052                  DISICNT = 0x52
                    0x0052                  _DISICNT = 0x52
                    0x0054                  TBLPAG = 0x54
                    0x0054                  _TBLPAG = 0x54
                    0x0054                  _TBLPAGbits = 0x54
                    0x0058                  MSTRPR = 0x58
                    0x0058                  _MSTRPR = 0x58
                    0x0100                  TMR1 = 0x100
                    0x0100                  _TMR1 = 0x100
                    0x0102                  PR1 = 0x102
                    0x0102                  _PR1 = 0x102
                    0x0104                  T1CON = 0x104
                    0x0104                  _T1CON = 0x104
                    0x0104                  _T1CONbits = 0x104
                    0x0106                  TMR2 = 0x106
                    0x0106                  _TMR2 = 0x106
                    0x0108                  TMR3HLD = 0x108
                    0x0108                  _TMR3HLD = 0x108
                    0x010a                  TMR3 = 0x10a
                    0x010a                  _TMR3 = 0x10a
                    0x010c                  PR2 = 0x10c
                    0x010c                  _PR2 = 0x10c
                    0x010e                  PR3 = 0x10e
                    0x010e                  _PR3 = 0x10e
                    0x0110                  T2CON = 0x110
                    0x0110                  _T2CON = 0x110
                    0x0110                  _T2CONbits = 0x110
                    0x0112                  T3CON = 0x112
                    0x0112                  _T3CON = 0x112
                    0x0112                  _T3CONbits = 0x112
                    0x0114                  TMR4 = 0x114
                    0x0114                  _TMR4 = 0x114
                    0x0116                  TMR5HLD = 0x116
                    0x0116                  _TMR5HLD = 0x116
                    0x0118                  TMR5 = 0x118
                    0x0118                  _TMR5 = 0x118
                    0x011a                  PR4 = 0x11a
                    0x011a                  _PR4 = 0x11a
                    0x011c                  PR5 = 0x11c
                    0x011c                  _PR5 = 0x11c
                    0x011e                  T4CON = 0x11e
                    0x011e                  _T4CON = 0x11e
                    0x011e                  _T4CONbits = 0x11e
                    0x0120                  T5CON = 0x120
                    0x0120                  _T5CON = 0x120
                    0x0120                  _T5CONbits = 0x120
                    0x0140                  IC1CON1 = 0x140
                    0x0140                  _IC1CON1 = 0x140
                    0x0140                  _IC1CON1bits = 0x140
                    0x0142                  IC1CON2 = 0x142
                    0x0142                  _IC1CON2 = 0x142
                    0x0142                  _IC1CON2bits = 0x142
                    0x0144                  IC1BUF = 0x144
                    0x0144                  _IC1BUF = 0x144
                    0x0146                  IC1TMR = 0x146
                    0x0146                  _IC1TMR = 0x146
                    0x0148                  IC2CON1 = 0x148
                    0x0148                  _IC2CON1 = 0x148
                    0x0148                  _IC2CON1bits = 0x148
                    0x014a                  IC2CON2 = 0x14a
                    0x014a                  _IC2CON2 = 0x14a
                    0x014a                  _IC2CON2bits = 0x14a
                    0x014c                  IC2BUF = 0x14c
                    0x014c                  _IC2BUF = 0x14c
                    0x014e                  IC2TMR = 0x14e
                    0x014e                  _IC2TMR = 0x14e
                    0x0150                  IC3CON1 = 0x150
                    0x0150                  _IC3CON1 = 0x150
                    0x0150                  _IC3CON1bits = 0x150
                    0x0152                  IC3CON2 = 0x152
                    0x0152                  _IC3CON2 = 0x152
                    0x0152                  _IC3CON2bits = 0x152
                    0x0154                  IC3BUF = 0x154
                    0x0154                  _IC3BUF = 0x154
                    0x0156                  IC3TMR = 0x156
                    0x0156                  _IC3TMR = 0x156
                    0x0158                  IC4CON1 = 0x158
                    0x0158                  _IC4CON1 = 0x158
                    0x0158                  _IC4CON1bits = 0x158
                    0x015a                  IC4CON2 = 0x15a
                    0x015a                  _IC4CON2 = 0x15a
                    0x015a                  _IC4CON2bits = 0x15a
                    0x015c                  IC4BUF = 0x15c
                    0x015c                  _IC4BUF = 0x15c
                    0x015e                  IC4TMR = 0x15e
                    0x015e                  _IC4TMR = 0x15e
                    0x01c0                  QEI1CON = 0x1c0
                    0x01c0                  _QEI1CON = 0x1c0
                    0x01c0                  _QEI1CONbits = 0x1c0
                    0x01c2                  QEI1IOC = 0x1c2
                    0x01c2                  _QEI1IOC = 0x1c2
                    0x01c2                  _QEI1IOCbits = 0x1c2
                    0x01c4                  QEI1STAT = 0x1c4
                    0x01c4                  _QEI1STAT = 0x1c4
                    0x01c4                  _QEI1STATbits = 0x1c4
                    0x01c6                  POS1CNTL = 0x1c6
                    0x01c6                  _POS1CNTL = 0x1c6
                    0x01c8                  POS1CNTH = 0x1c8
                    0x01c8                  _POS1CNTH = 0x1c8
                    0x01ca                  POS1HLD = 0x1ca
                    0x01ca                  _POS1HLD = 0x1ca
                    0x01cc                  VEL1CNT = 0x1cc
                    0x01cc                  _VEL1CNT = 0x1cc
                    0x01ce                  INT1TMRL = 0x1ce
                    0x01ce                  _INT1TMRL = 0x1ce
                    0x01d0                  INT1TMRH = 0x1d0
                    0x01d0                  _INT1TMRH = 0x1d0
                    0x01d2                  INT1HLDL = 0x1d2
                    0x01d2                  _INT1HLDL = 0x1d2
                    0x01d4                  INT1HLDH = 0x1d4
                    0x01d4                  _INT1HLDH = 0x1d4
                    0x01d6                  INDX1CNTL = 0x1d6
                    0x01d6                  _INDX1CNTL = 0x1d6
                    0x01d8                  INDX1CNTH = 0x1d8
                    0x01d8                  _INDX1CNTH = 0x1d8
                    0x01da                  INDX1HLD = 0x1da
                    0x01da                  _INDX1HLD = 0x1da
                    0x01dc                  QEI1GECL = 0x1dc
                    0x01dc                  _QEI1GECL = 0x1dc
                    0x01dc                  QEI1ICL = 0x1dc
                    0x01dc                  _QEI1ICL = 0x1dc
                    0x01de                  QEI1GECH = 0x1de
                    0x01de                  _QEI1GECH = 0x1de
                    0x01de                  QEI1ICH = 0x1de
                    0x01de                  _QEI1ICH = 0x1de
                    0x01e0                  QEI1LECL = 0x1e0
                    0x01e0                  _QEI1LECL = 0x1e0
                    0x01e2                  QEI1LECH = 0x1e2
                    0x01e2                  _QEI1LECH = 0x1e2
                    0x0200                  I2C1RCV = 0x200
                    0x0200                  _I2C1RCV = 0x200
                    0x0202                  I2C1TRN = 0x202
                    0x0202                  _I2C1TRN = 0x202
                    0x0204                  I2C1BRG = 0x204
                    0x0204                  _I2C1BRG = 0x204
                    0x0206                  I2C1CON = 0x206
                    0x0206                  _I2C1CON = 0x206
                    0x0206                  _I2C1CONbits = 0x206
                    0x0208                  I2C1STAT = 0x208
                    0x0208                  _I2C1STAT = 0x208
                    0x0208                  _I2C1STATbits = 0x208
                    0x020a                  I2C1ADD = 0x20a
                    0x020a                  _I2C1ADD = 0x20a
                    0x020c                  I2C1MSK = 0x20c
                    0x020c                  _I2C1MSK = 0x20c
                    0x0210                  I2C2RCV = 0x210
                    0x0210                  _I2C2RCV = 0x210
                    0x0212                  I2C2TRN = 0x212
                    0x0212                  _I2C2TRN = 0x212
                    0x0214                  I2C2BRG = 0x214
                    0x0214                  _I2C2BRG = 0x214
                    0x0216                  I2C2CON = 0x216
                    0x0216                  _I2C2CON = 0x216
                    0x0216                  _I2C2CONbits = 0x216
                    0x0218                  I2C2STAT = 0x218
                    0x0218                  _I2C2STAT = 0x218
                    0x0218                  _I2C2STATbits = 0x218
                    0x021a                  I2C2ADD = 0x21a
                    0x021a                  _I2C2ADD = 0x21a
                    0x021c                  I2C2MSK = 0x21c
                    0x021c                  _I2C2MSK = 0x21c
                    0x0220                  U1MODE = 0x220
                    0x0220                  _U1MODE = 0x220
                    0x0220                  _U1MODEbits = 0x220
                    0x0222                  U1STA = 0x222
                    0x0222                  _U1STA = 0x222
                    0x0222                  _U1STAbits = 0x222
                    0x0224                  U1TXREG = 0x224
                    0x0224                  _U1TXREG = 0x224
                    0x0226                  U1RXREG = 0x226
                    0x0226                  _U1RXREG = 0x226
                    0x0228                  U1BRG = 0x228
                    0x0228                  _U1BRG = 0x228
                    0x0230                  U2MODE = 0x230
                    0x0230                  _U2MODE = 0x230
                    0x0230                  _U2MODEbits = 0x230
                    0x0232                  U2STA = 0x232
                    0x0232                  _U2STA = 0x232
                    0x0232                  _U2STAbits = 0x232
                    0x0234                  U2TXREG = 0x234
                    0x0234                  _U2TXREG = 0x234
                    0x0236                  U2RXREG = 0x236
                    0x0236                  _U2RXREG = 0x236
                    0x0238                  U2BRG = 0x238
                    0x0238                  _U2BRG = 0x238
                    0x0240                  SPI1STAT = 0x240
                    0x0240                  _SPI1STAT = 0x240
                    0x0240                  _SPI1STATbits = 0x240
                    0x0242                  SPI1CON1 = 0x242
                    0x0242                  _SPI1CON1 = 0x242
                    0x0242                  _SPI1CON1bits = 0x242
                    0x0244                  SPI1CON2 = 0x244
                    0x0244                  _SPI1CON2 = 0x244
                    0x0244                  _SPI1CON2bits = 0x244
                    0x0248                  SPI1BUF = 0x248
                    0x0248                  _SPI1BUF = 0x248
                    0x0260                  SPI2STAT = 0x260
                    0x0260                  _SPI2STAT = 0x260
                    0x0260                  _SPI2STATbits = 0x260
                    0x0262                  SPI2CON1 = 0x262
                    0x0262                  _SPI2CON1 = 0x262
                    0x0262                  _SPI2CON1bits = 0x262
                    0x0264                  SPI2CON2 = 0x264
                    0x0264                  _SPI2CON2 = 0x264
                    0x0264                  _SPI2CON2bits = 0x264
                    0x0268                  SPI2BUF = 0x268
                    0x0268                  _SPI2BUF = 0x268
                    0x0300                  ADC1BUF0 = 0x300
                    0x0300                  _ADC1BUF0 = 0x300
                    0x0302                  ADC1BUF1 = 0x302
                    0x0302                  _ADC1BUF1 = 0x302
                    0x0304                  ADC1BUF2 = 0x304
                    0x0304                  _ADC1BUF2 = 0x304
                    0x0306                  ADC1BUF3 = 0x306
                    0x0306                  _ADC1BUF3 = 0x306
                    0x0308                  ADC1BUF4 = 0x308
                    0x0308                  _ADC1BUF4 = 0x308
                    0x030a                  ADC1BUF5 = 0x30a
                    0x030a                  _ADC1BUF5 = 0x30a
                    0x030c                  ADC1BUF6 = 0x30c
                    0x030c                  _ADC1BUF6 = 0x30c
                    0x030e                  ADC1BUF7 = 0x30e
                    0x030e                  _ADC1BUF7 = 0x30e
                    0x0310                  ADC1BUF8 = 0x310
                    0x0310                  _ADC1BUF8 = 0x310
                    0x0312                  ADC1BUF9 = 0x312
                    0x0312                  _ADC1BUF9 = 0x312
                    0x0314                  ADC1BUFA = 0x314
                    0x0314                  _ADC1BUFA = 0x314
                    0x0316                  ADC1BUFB = 0x316
                    0x0316                  _ADC1BUFB = 0x316
                    0x0318                  ADC1BUFC = 0x318
                    0x0318                  _ADC1BUFC = 0x318
                    0x031a                  ADC1BUFD = 0x31a
                    0x031a                  _ADC1BUFD = 0x31a
                    0x031c                  ADC1BUFE = 0x31c
                    0x031c                  _ADC1BUFE = 0x31c
                    0x031e                  ADC1BUFF = 0x31e
                    0x031e                  _ADC1BUFF = 0x31e
                    0x0320                  AD1CON1 = 0x320
                    0x0320                  _AD1CON1 = 0x320
                    0x0320                  _AD1CON1bits = 0x320
                    0x0322                  AD1CON2 = 0x322
                    0x0322                  _AD1CON2 = 0x322
                    0x0322                  _AD1CON2bits = 0x322
                    0x0324                  AD1CON3 = 0x324
                    0x0324                  _AD1CON3 = 0x324
                    0x0324                  _AD1CON3bits = 0x324
                    0x0326                  AD1CHS123 = 0x326
                    0x0326                  _AD1CHS123 = 0x326
                    0x0326                  _AD1CHS123bits = 0x326
                    0x0328                  AD1CHS0 = 0x328
                    0x0328                  _AD1CHS0 = 0x328
                    0x0328                  _AD1CHS0bits = 0x328
                    0x032e                  AD1CSSH = 0x32e
                    0x032e                  _AD1CSSH = 0x32e
                    0x032e                  _AD1CSSHbits = 0x32e
                    0x0330                  AD1CSSL = 0x330
                    0x0330                  _AD1CSSL = 0x330
                    0x0330                  _AD1CSSLbits = 0x330
                    0x0332                  AD1CON4 = 0x332
                    0x0332                  _AD1CON4 = 0x332
                    0x0332                  _AD1CON4bits = 0x332
                    0x033a                  CTMUCON1 = 0x33a
                    0x033a                  _CTMUCON1 = 0x33a
                    0x033a                  _CTMUCON1bits = 0x33a
                    0x033c                  CTMUCON2 = 0x33c
                    0x033c                  _CTMUCON2 = 0x33c
                    0x033c                  _CTMUCON2bits = 0x33c
                    0x033e                  CTMUICON = 0x33e
                    0x033e                  _CTMUICON = 0x33e
                    0x033e                  _CTMUICONbits = 0x33e
                    0x0640                  CRCCON1 = 0x640
                    0x0640                  _CRCCON1 = 0x640
                    0x0640                  _CRCCON1bits = 0x640
                    0x0642                  CRCCON2 = 0x642
                    0x0642                  _CRCCON2 = 0x642
                    0x0642                  _CRCCON2bits = 0x642
                    0x0644                  CRCXORL = 0x644
                    0x0644                  _CRCXORL = 0x644
                    0x0644                  _CRCXORLbits = 0x644
                    0x0646                  CRCXORH = 0x646
                    0x0646                  _CRCXORH = 0x646
                    0x0646                  _CRCXORHbits = 0x646
                    0x0648                  CRCDAT = 0x648
                    0x0648                  _CRCDAT = 0x648
                    0x0648                  CRCDATL = 0x648
                    0x0648                  _CRCDATL = 0x648
                    0x064a                  CRCDATH = 0x64a
                    0x064a                  _CRCDATH = 0x64a
                    0x064c                  CRCWDAT = 0x64c
                    0x064c                  _CRCWDAT = 0x64c
                    0x064c                  CRCWDATL = 0x64c
                    0x064c                  _CRCWDATL = 0x64c
                    0x064e                  CRCWDATH = 0x64e
                    0x064e                  _CRCWDATH = 0x64e
                    0x0680                  RPOR0 = 0x680
                    0x0680                  _RPOR0 = 0x680
                    0x0680                  _RPOR0bits = 0x680
                    0x0682                  RPOR1 = 0x682
                    0x0682                  _RPOR1 = 0x682
                    0x0682                  _RPOR1bits = 0x682
                    0x0684                  RPOR2 = 0x684
                    0x0684                  _RPOR2 = 0x684
                    0x0684                  _RPOR2bits = 0x684
                    0x0686                  RPOR3 = 0x686
                    0x0686                  _RPOR3 = 0x686
                    0x0686                  _RPOR3bits = 0x686
                    0x0688                  RPOR4 = 0x688
                    0x0688                  _RPOR4 = 0x688
                    0x0688                  _RPOR4bits = 0x688
                    0x068a                  RPOR5 = 0x68a
                    0x068a                  _RPOR5 = 0x68a
                    0x068a                  _RPOR5bits = 0x68a
                    0x068c                  RPOR6 = 0x68c
                    0x068c                  _RPOR6 = 0x68c
                    0x068c                  _RPOR6bits = 0x68c
                    0x06a0                  RPINR0 = 0x6a0
                    0x06a0                  _RPINR0 = 0x6a0
                    0x06a0                  _RPINR0bits = 0x6a0
                    0x06a2                  RPINR1 = 0x6a2
                    0x06a2                  _RPINR1 = 0x6a2
                    0x06a2                  _RPINR1bits = 0x6a2
                    0x06a6                  RPINR3 = 0x6a6
                    0x06a6                  _RPINR3 = 0x6a6
                    0x06a6                  _RPINR3bits = 0x6a6
                    0x06ae                  RPINR7 = 0x6ae
                    0x06ae                  _RPINR7 = 0x6ae
                    0x06ae                  _RPINR7bits = 0x6ae
                    0x06b0                  RPINR8 = 0x6b0
                    0x06b0                  _RPINR8 = 0x6b0
                    0x06b0                  _RPINR8bits = 0x6b0
                    0x06b6                  RPINR11 = 0x6b6
                    0x06b6                  _RPINR11 = 0x6b6
                    0x06b6                  _RPINR11bits = 0x6b6
                    0x06b8                  RPINR12 = 0x6b8
                    0x06b8                  _RPINR12 = 0x6b8
                    0x06b8                  _RPINR12bits = 0x6b8
                    0x06bc                  RPINR14 = 0x6bc
                    0x06bc                  _RPINR14 = 0x6bc
                    0x06bc                  _RPINR14bits = 0x6bc
                    0x06be                  RPINR15 = 0x6be
                    0x06be                  _RPINR15 = 0x6be
                    0x06be                  _RPINR15bits = 0x6be
                    0x06c4                  RPINR18 = 0x6c4
                    0x06c4                  _RPINR18 = 0x6c4
                    0x06c4                  _RPINR18bits = 0x6c4
                    0x06c6                  RPINR19 = 0x6c6
                    0x06c6                  _RPINR19 = 0x6c6
                    0x06c6                  _RPINR19bits = 0x6c6
                    0x06cc                  RPINR22 = 0x6cc
                    0x06cc                  _RPINR22 = 0x6cc
                    0x06cc                  _RPINR22bits = 0x6cc
                    0x06ce                  RPINR23 = 0x6ce
                    0x06ce                  _RPINR23 = 0x6ce
                    0x06ce                  _RPINR23bits = 0x6ce
                    0x06d4                  RPINR26 = 0x6d4
                    0x06d4                  _RPINR26 = 0x6d4
                    0x06d4                  _RPINR26bits = 0x6d4
                    0x06ea                  RPINR37 = 0x6ea
                    0x06ea                  _RPINR37 = 0x6ea
                    0x06ea                  _RPINR37bits = 0x6ea
                    0x06ec                  RPINR38 = 0x6ec
                    0x06ec                  _RPINR38 = 0x6ec
                    0x06ec                  _RPINR38bits = 0x6ec
                    0x06ee                  RPINR39 = 0x6ee
                    0x06ee                  _RPINR39 = 0x6ee
                    0x06ee                  _RPINR39bits = 0x6ee
                    0x0728                  NVMCON = 0x728
                    0x0728                  _NVMCON = 0x728
                    0x0728                  _NVMCONbits = 0x728
                    0x072a                  NVMADR = 0x72a
                    0x072a                  _NVMADR = 0x72a
                    0x072c                  NVMADRU = 0x72c
                    0x072c                  _NVMADRU = 0x72c
                    0x072c                  _NVMADRUbits = 0x72c
                    0x072e                  NVMKEY = 0x72e
                    0x072e                  _NVMKEY = 0x72e
                    0x0740                  RCON = 0x740
                    0x0740                  _RCON = 0x740
                    0x0740                  _RCONbits = 0x740
                    0x0742                  OSCCON = 0x742
                    0x0742                  _OSCCON = 0x742
                    0x0742                  _OSCCONbits = 0x742
                    0x0742                  OSCCONL = 0x742
                    0x0742                  _OSCCONL = 0x742
                    0x0743                  OSCCONH = 0x743
                    0x0743                  _OSCCONH = 0x743
                    0x0744                  CLKDIV = 0x744
                    0x0744                  _CLKDIV = 0x744
                    0x0744                  _CLKDIVbits = 0x744
                    0x0746                  PLLFBD = 0x746
                    0x0746                  _PLLFBD = 0x746
                    0x0746                  _PLLFBDbits = 0x746
                    0x0748                  OSCTUN = 0x748
                    0x0748                  _OSCTUN = 0x748
                    0x0748                  _OSCTUNbits = 0x748
                    0x074e                  REFOCON = 0x74e
                    0x074e                  _REFOCON = 0x74e
                    0x074e                  _REFOCONbits = 0x74e
                    0x0760                  PMD1 = 0x760
                    0x0760                  _PMD1 = 0x760
                    0x0760                  _PMD1bits = 0x760
                    0x0762                  PMD2 = 0x762
                    0x0762                  _PMD2 = 0x762
                    0x0762                  _PMD2bits = 0x762
                    0x0764                  PMD3 = 0x764
                    0x0764                  _PMD3 = 0x764
                    0x0764                  _PMD3bits = 0x764
                    0x0766                  PMD4 = 0x766
                    0x0766                  _PMD4 = 0x766
                    0x0766                  _PMD4bits = 0x766
                    0x076a                  PMD6 = 0x76a
                    0x076a                  _PMD6 = 0x76a
                    0x076a                  _PMD6bits = 0x76a
                    0x076c                  PMD7 = 0x76c
                    0x076c                  _PMD7 = 0x76c
                    0x076c                  _PMD7bits = 0x76c
                    0x0800                  IFS0 = 0x800
                    0x0800                  _IFS0 = 0x800
                    0x0800                  _IFS0bits = 0x800
                    0x0802                  IFS1 = 0x802
                    0x0802                  _IFS1 = 0x802
                    0x0802                  _IFS1bits = 0x802
                    0x0804                  IFS2 = 0x804
                    0x0804                  _IFS2 = 0x804
                    0x0804                  _IFS2bits = 0x804
                    0x0806                  IFS3 = 0x806
                    0x0806                  _IFS3 = 0x806
                    0x0806                  _IFS3bits = 0x806
                    0x0808                  IFS4 = 0x808
                    0x0808                  _IFS4 = 0x808
                    0x0808                  _IFS4bits = 0x808
                    0x080a                  IFS5 = 0x80a
                    0x080a                  _IFS5 = 0x80a
                    0x080a                  _IFS5bits = 0x80a
                    0x080c                  IFS6 = 0x80c
                    0x080c                  _IFS6 = 0x80c
                    0x080c                  _IFS6bits = 0x80c
                    0x0810                  IFS8 = 0x810
                    0x0810                  _IFS8 = 0x810
                    0x0810                  _IFS8bits = 0x810
                    0x0812                  IFS9 = 0x812
                    0x0812                  _IFS9 = 0x812
                    0x0812                  _IFS9bits = 0x812
                    0x0820                  IEC0 = 0x820
                    0x0820                  _IEC0 = 0x820
                    0x0820                  _IEC0bits = 0x820
                    0x0822                  IEC1 = 0x822
                    0x0822                  _IEC1 = 0x822
                    0x0822                  _IEC1bits = 0x822
                    0x0824                  IEC2 = 0x824
                    0x0824                  _IEC2 = 0x824
                    0x0824                  _IEC2bits = 0x824
                    0x0826                  IEC3 = 0x826
                    0x0826                  _IEC3 = 0x826
                    0x0826                  _IEC3bits = 0x826
                    0x0828                  IEC4 = 0x828
                    0x0828                  _IEC4 = 0x828
                    0x0828                  _IEC4bits = 0x828
                    0x082a                  IEC5 = 0x82a
                    0x082a                  _IEC5 = 0x82a
                    0x082a                  _IEC5bits = 0x82a
                    0x082c                  IEC6 = 0x82c
                    0x082c                  _IEC6 = 0x82c
                    0x082c                  _IEC6bits = 0x82c
                    0x0830                  IEC8 = 0x830
                    0x0830                  _IEC8 = 0x830
                    0x0830                  _IEC8bits = 0x830
                    0x0832                  IEC9 = 0x832
                    0x0832                  _IEC9 = 0x832
                    0x0832                  _IEC9bits = 0x832
                    0x0840                  IPC0 = 0x840
                    0x0840                  _IPC0 = 0x840
                    0x0840                  _IPC0bits = 0x840
                    0x0842                  IPC1 = 0x842
                    0x0842                  _IPC1 = 0x842
                    0x0842                  _IPC1bits = 0x842
                    0x0844                  IPC2 = 0x844
                    0x0844                  _IPC2 = 0x844
                    0x0844                  _IPC2bits = 0x844
                    0x0846                  IPC3 = 0x846
                    0x0846                  _IPC3 = 0x846
                    0x0846                  _IPC3bits = 0x846
                    0x0848                  IPC4 = 0x848
                    0x0848                  _IPC4 = 0x848
                    0x0848                  _IPC4bits = 0x848
                    0x084a                  IPC5 = 0x84a
                    0x084a                  _IPC5 = 0x84a
                    0x084a                  _IPC5bits = 0x84a
                    0x084c                  IPC6 = 0x84c
                    0x084c                  _IPC6 = 0x84c
                    0x084c                  _IPC6bits = 0x84c
                    0x084e                  IPC7 = 0x84e
                    0x084e                  _IPC7 = 0x84e
                    0x084e                  _IPC7bits = 0x84e
                    0x0850                  IPC8 = 0x850
                    0x0850                  _IPC8 = 0x850
                    0x0850                  _IPC8bits = 0x850
                    0x0852                  IPC9 = 0x852
                    0x0852                  _IPC9 = 0x852
                    0x0852                  _IPC9bits = 0x852
                    0x0858                  IPC12 = 0x858
                    0x0858                  _IPC12 = 0x858
                    0x0858                  _IPC12bits = 0x858
                    0x085c                  IPC14 = 0x85c
                    0x085c                  _IPC14 = 0x85c
                    0x085c                  _IPC14bits = 0x85c
                    0x0860                  IPC16 = 0x860
                    0x0860                  _IPC16 = 0x860
                    0x0860                  _IPC16bits = 0x860
                    0x0866                  IPC19 = 0x866
                    0x0866                  _IPC19 = 0x866
                    0x0866                  _IPC19bits = 0x866
                    0x086e                  IPC23 = 0x86e
                    0x086e                  _IPC23 = 0x86e
                    0x086e                  _IPC23bits = 0x86e
                    0x0870                  IPC24 = 0x870
                    0x0870                  _IPC24 = 0x870
                    0x0870                  _IPC24bits = 0x870
                    0x0886                  IPC35 = 0x886
                    0x0886                  _IPC35 = 0x886
                    0x0886                  _IPC35bits = 0x886
                    0x0888                  IPC36 = 0x888
                    0x0888                  _IPC36 = 0x888
                    0x0888                  _IPC36bits = 0x888
                    0x088a                  IPC37 = 0x88a
                    0x088a                  _IPC37 = 0x88a
                    0x088a                  _IPC37bits = 0x88a
                    0x08c0                  INTCON1 = 0x8c0
                    0x08c0                  _INTCON1 = 0x8c0
                    0x08c0                  _INTCON1bits = 0x8c0
                    0x08c2                  INTCON2 = 0x8c2
                    0x08c2                  _INTCON2 = 0x8c2
                    0x08c2                  _INTCON2bits = 0x8c2
                    0x08c4                  INTCON3 = 0x8c4
                    0x08c4                  _INTCON3 = 0x8c4
                    0x08c4                  _INTCON3bits = 0x8c4
                    0x08c6                  INTCON4 = 0x8c6
                    0x08c6                  _INTCON4 = 0x8c6
                    0x08c6                  _INTCON4bits = 0x8c6
                    0x08c8                  INTTREG = 0x8c8
                    0x08c8                  _INTTREG = 0x8c8
                    0x08c8                  _INTTREGbits = 0x8c8
                    0x0900                  OC1CON1 = 0x900
                    0x0900                  _OC1CON1 = 0x900
                    0x0900                  _OC1CON1bits = 0x900
                    0x0902                  OC1CON2 = 0x902
                    0x0902                  _OC1CON2 = 0x902
                    0x0902                  _OC1CON2bits = 0x902
                    0x0904                  OC1RS = 0x904
                    0x0904                  _OC1RS = 0x904
                    0x0906                  OC1R = 0x906
                    0x0906                  _OC1R = 0x906
                    0x0908                  OC1TMR = 0x908
                    0x0908                  _OC1TMR = 0x908
                    0x090a                  OC2CON1 = 0x90a
                    0x090a                  _OC2CON1 = 0x90a
                    0x090a                  _OC2CON1bits = 0x90a
                    0x090c                  OC2CON2 = 0x90c
                    0x090c                  _OC2CON2 = 0x90c
                    0x090c                  _OC2CON2bits = 0x90c
                    0x090e                  OC2RS = 0x90e
                    0x090e                  _OC2RS = 0x90e
                    0x0910                  OC2R = 0x910
                    0x0910                  _OC2R = 0x910
                    0x0912                  OC2TMR = 0x912
                    0x0912                  _OC2TMR = 0x912
                    0x0914                  OC3CON1 = 0x914
                    0x0914                  _OC3CON1 = 0x914
                    0x0914                  _OC3CON1bits = 0x914
                    0x0916                  OC3CON2 = 0x916
                    0x0916                  _OC3CON2 = 0x916
                    0x0916                  _OC3CON2bits = 0x916
                    0x0918                  OC3RS = 0x918
                    0x0918                  _OC3RS = 0x918
                    0x091a                  OC3R = 0x91a
                    0x091a                  _OC3R = 0x91a
                    0x091c                  OC3TMR = 0x91c
                    0x091c                  _OC3TMR = 0x91c
                    0x091e                  OC4CON1 = 0x91e
                    0x091e                  _OC4CON1 = 0x91e
                    0x091e                  _OC4CON1bits = 0x91e
                    0x0920                  OC4CON2 = 0x920
                    0x0920                  _OC4CON2 = 0x920
                    0x0920                  _OC4CON2bits = 0x920
                    0x0922                  OC4RS = 0x922
                    0x0922                  _OC4RS = 0x922
                    0x0924                  OC4R = 0x924
                    0x0924                  _OC4R = 0x924
                    0x0926                  OC4TMR = 0x926
                    0x0926                  _OC4TMR = 0x926
                    0x0a80                  CMSTAT = 0xa80
                    0x0a80                  _CMSTAT = 0xa80
                    0x0a80                  _CMSTATbits = 0xa80
                    0x0a82                  CVRCON = 0xa82
                    0x0a82                  _CVRCON = 0xa82
                    0x0a82                  _CVRCONbits = 0xa82
                    0x0a84                  CM1CON = 0xa84
                    0x0a84                  _CM1CON = 0xa84
                    0x0a84                  _CM1CONbits = 0xa84
                    0x0a86                  CM1MSKSRC = 0xa86
                    0x0a86                  _CM1MSKSRC = 0xa86
                    0x0a86                  _CM1MSKSRCbits = 0xa86
                    0x0a88                  CM1MSKCON = 0xa88
                    0x0a88                  _CM1MSKCON = 0xa88
                    0x0a88                  _CM1MSKCONbits = 0xa88
                    0x0a8a                  CM1FLTR = 0xa8a
                    0x0a8a                  _CM1FLTR = 0xa8a
                    0x0a8a                  _CM1FLTRbits = 0xa8a
                    0x0a8c                  CM2CON = 0xa8c
                    0x0a8c                  _CM2CON = 0xa8c
                    0x0a8c                  _CM2CONbits = 0xa8c
                    0x0a8e                  CM2MSKSRC = 0xa8e
                    0x0a8e                  _CM2MSKSRC = 0xa8e
                    0x0a8e                  _CM2MSKSRCbits = 0xa8e
                    0x0a90                  CM2MSKCON = 0xa90
                    0x0a90                  _CM2MSKCON = 0xa90
                    0x0a90                  _CM2MSKCONbits = 0xa90
                    0x0a92                  CM2FLTR = 0xa92
                    0x0a92                  _CM2FLTR = 0xa92
                    0x0a92                  _CM2FLTRbits = 0xa92
                    0x0a94                  CM3CON = 0xa94
                    0x0a94                  _CM3CON = 0xa94
                    0x0a94                  _CM3CONbits = 0xa94
                    0x0a96                  CM3MSKSRC = 0xa96
                    0x0a96                  _CM3MSKSRC = 0xa96
                    0x0a96                  _CM3MSKSRCbits = 0xa96
                    0x0a98                  CM3MSKCON = 0xa98
                    0x0a98                  _CM3MSKCON = 0xa98
                    0x0a98                  _CM3MSKCONbits = 0xa98
                    0x0a9a                  CM3FLTR = 0xa9a
                    0x0a9a                  _CM3FLTR = 0xa9a
                    0x0a9a                  _CM3FLTRbits = 0xa9a
                    0x0a9c                  CM4CON = 0xa9c
                    0x0a9c                  _CM4CON = 0xa9c
                    0x0a9c                  _CM4CONbits = 0xa9c
                    0x0a9e                  CM4MSKSRC = 0xa9e
                    0x0a9e                  _CM4MSKSRC = 0xa9e
                    0x0a9e                  _CM4MSKSRCbits = 0xa9e
                    0x0aa0                  CM4MSKCON = 0xaa0